###############################################################################
#
# IAR ELF Linker V9.30.1.335/W64 for ARM                  20/Apr/2025  14:13:10
# Copyright 2007-2022 IAR Systems AB.
#
#    Output file  =
#        D:\WebDown\S32K144\S32K144 …\S32K144
#        AUTOSAR工具包\share_20230823\AUTOSAR_TOOLs\S32K144_SIP\MICROSAR\CBD1800257_D01_S32K1xx\Applications\S32K144_Start_new_IAR\Debug\Exe\ASR_S32K144_Start.out
#    Map file     =
#        D:\WebDown\S32K144\S32K144 …\S32K144
#        AUTOSAR工具包\share_20230823\AUTOSAR_TOOLs\S32K144_SIP\MICROSAR\CBD1800257_D01_S32K1xx\Applications\S32K144_Start_new_IAR\Debug\List\ASR_S32K144_Start.map
#    Command line =
#        -f "D:\WebDown\S32K144\S32K144 …\S32K144
#        AUTOSAR工具包\share_20230823\AUTOSAR_TOOLs\S32K144_SIP\MICROSAR\CBD1800257_D01_S32K1xx\Applications\S32K144_Start_new_IAR\Debug\Exe\ASR_S32K144_Start.out.rsp"
#        ("D:\WebDown\S32K144\S32K144 …\S32K144
#        AUTOSAR工具包\share_20230823\AUTOSAR_TOOLs\S32K144_SIP\MICROSAR\CBD1800257_D01_S32K1xx\Applications\S32K144_Start_new_IAR\Debug\Obj\Appl\BrsAsrMain.o"
#        "D:\WebDown\S32K144\S32K144 …\S32K144
#        AUTOSAR工具包\share_20230823\AUTOSAR_TOOLs\S32K144_SIP\MICROSAR\CBD1800257_D01_S32K1xx\Applications\S32K144_Start_new_IAR\Debug\Obj\BSW\BswM\BswM.o"
#        "D:\WebDown\S32K144\S32K144 …\S32K144
#        AUTOSAR工具包\share_20230823\AUTOSAR_TOOLs\S32K144_SIP\MICROSAR\CBD1800257_D01_S32K1xx\Applications\S32K144_Start_new_IAR\Debug\Obj\Appl\Source\BswM_Callout_Stubs.o"
#        "D:\WebDown\S32K144\S32K144 …\S32K144
#        AUTOSAR工具包\share_20230823\AUTOSAR_TOOLs\S32K144_SIP\MICROSAR\CBD1800257_D01_S32K1xx\Applications\S32K144_Start_new_IAR\Debug\Obj\Appl\GenData\BswM_Lcfg.o"
#        "D:\WebDown\S32K144\S32K144 …\S32K144
#        AUTOSAR工具包\share_20230823\AUTOSAR_TOOLs\S32K144_SIP\MICROSAR\CBD1800257_D01_S32K1xx\Applications\S32K144_Start_new_IAR\Debug\Obj\Appl\GenData\BswM_PBcfg.o"
#        "D:\WebDown\S32K144\S32K144 …\S32K144
#        AUTOSAR工具包\share_20230823\AUTOSAR_TOOLs\S32K144_SIP\MICROSAR\CBD1800257_D01_S32K1xx\Applications\S32K144_Start_new_IAR\Debug\Obj\BSW\Can\Can.o"
#        "D:\WebDown\S32K144\S32K144 …\S32K144
#        AUTOSAR工具包\share_20230823\AUTOSAR_TOOLs\S32K144_SIP\MICROSAR\CBD1800257_D01_S32K1xx\Applications\S32K144_Start_new_IAR\Debug\Obj\BSW\Can\Can_Irq.o"
#        "D:\WebDown\S32K144\S32K144 …\S32K144
#        AUTOSAR工具包\share_20230823\AUTOSAR_TOOLs\S32K144_SIP\MICROSAR\CBD1800257_D01_S32K1xx\Applications\S32K144_Start_new_IAR\Debug\Obj\Appl\GenData\Can_Lcfg.o"
#        "D:\WebDown\S32K144\S32K144 …\S32K144
#        AUTOSAR工具包\share_20230823\AUTOSAR_TOOLs\S32K144_SIP\MICROSAR\CBD1800257_D01_S32K1xx\Applications\S32K144_Start_new_IAR\Debug\Obj\Appl\GenData\Can_PBcfg.o"
#        "D:\WebDown\S32K144\S32K144 …\S32K144
#        AUTOSAR工具包\share_20230823\AUTOSAR_TOOLs\S32K144_SIP\MICROSAR\CBD1800257_D01_S32K1xx\Applications\S32K144_Start_new_IAR\Debug\Obj\BSW\CanIf\CanIf.o"
#        "D:\WebDown\S32K144\S32K144 …\S32K144
#        AUTOSAR工具包\share_20230823\AUTOSAR_TOOLs\S32K144_SIP\MICROSAR\CBD1800257_D01_S32K1xx\Applications\S32K144_Start_new_IAR\Debug\Obj\Appl\GenData\CanIf_Lcfg.o"
#        "D:\WebDown\S32K144\S32K144 …\S32K144
#        AUTOSAR工具包\share_20230823\AUTOSAR_TOOLs\S32K144_SIP\MICROSAR\CBD1800257_D01_S32K1xx\Applications\S32K144_Start_new_IAR\Debug\Obj\Appl\GenData\CanIf_PBcfg.o"
#        "D:\WebDown\S32K144\S32K144 …\S32K144
#        AUTOSAR工具包\share_20230823\AUTOSAR_TOOLs\S32K144_SIP\MICROSAR\CBD1800257_D01_S32K1xx\Applications\S32K144_Start_new_IAR\Debug\Obj\BSW\CanSM\CanSM.o"
#        "D:\WebDown\S32K144\S32K144 …\S32K144
#        AUTOSAR工具包\share_20230823\AUTOSAR_TOOLs\S32K144_SIP\MICROSAR\CBD1800257_D01_S32K1xx\Applications\S32K144_Start_new_IAR\Debug\Obj\Appl\GenData\CanSM_Lcfg.o"
#        "D:\WebDown\S32K144\S32K144 …\S32K144
#        AUTOSAR工具包\share_20230823\AUTOSAR_TOOLs\S32K144_SIP\MICROSAR\CBD1800257_D01_S32K1xx\Applications\S32K144_Start_new_IAR\Debug\Obj\BSW\CanTP\CanTp.o"
#        "D:\WebDown\S32K144\S32K144 …\S32K144
#        AUTOSAR工具包\share_20230823\AUTOSAR_TOOLs\S32K144_SIP\MICROSAR\CBD1800257_D01_S32K1xx\Applications\S32K144_Start_new_IAR\Debug\Obj\Appl\GenData\CanTp_Lcfg.o"
#        "D:\WebDown\S32K144\S32K144 …\S32K144
#        AUTOSAR工具包\share_20230823\AUTOSAR_TOOLs\S32K144_SIP\MICROSAR\CBD1800257_D01_S32K1xx\Applications\S32K144_Start_new_IAR\Debug\Obj\Appl\GenData\CanTp_PBcfg.o"
#        "D:\WebDown\S32K144\S32K144 …\S32K144
#        AUTOSAR工具包\share_20230823\AUTOSAR_TOOLs\S32K144_SIP\MICROSAR\CBD1800257_D01_S32K1xx\Applications\S32K144_Start_new_IAR\Debug\Obj\Appl\Source\CddSbc.o"
#        "D:\WebDown\S32K144\S32K144 …\S32K144
#        AUTOSAR工具包\share_20230823\AUTOSAR_TOOLs\S32K144_SIP\MICROSAR\CBD1800257_D01_S32K1xx\Applications\S32K144_Start_new_IAR\Debug\Obj\BSW\Com\Com.o"
#        "D:\WebDown\S32K144\S32K144 …\S32K144
#        AUTOSAR工具包\share_20230823\AUTOSAR_TOOLs\S32K144_SIP\MICROSAR\CBD1800257_D01_S32K1xx\Applications\S32K144_Start_new_IAR\Debug\Obj\Appl\GenData\Com_Lcfg.o"
#        "D:\WebDown\S32K144\S32K144 …\S32K144
#        AUTOSAR工具包\share_20230823\AUTOSAR_TOOLs\S32K144_SIP\MICROSAR\CBD1800257_D01_S32K1xx\Applications\S32K144_Start_new_IAR\Debug\Obj\Appl\GenData\Com_PBcfg.o"
#        "D:\WebDown\S32K144\S32K144 …\S32K144
#        AUTOSAR工具包\share_20230823\AUTOSAR_TOOLs\S32K144_SIP\MICROSAR\CBD1800257_D01_S32K1xx\Applications\S32K144_Start_new_IAR\Debug\Obj\BSW\ComM\ComM.o"
#        "D:\WebDown\S32K144\S32K144 …\S32K144
#        AUTOSAR工具包\share_20230823\AUTOSAR_TOOLs\S32K144_SIP\MICROSAR\CBD1800257_D01_S32K1xx\Applications\S32K144_Start_new_IAR\Debug\Obj\Appl\GenData\ComM_Lcfg.o"
#        "D:\WebDown\S32K144\S32K144 …\S32K144
#        AUTOSAR工具包\share_20230823\AUTOSAR_TOOLs\S32K144_SIP\MICROSAR\CBD1800257_D01_S32K1xx\Applications\S32K144_Start_new_IAR\Debug\Obj\Appl\GenData\ComM_PBcfg.o"
#        "D:\WebDown\S32K144\S32K144 …\S32K144
#        AUTOSAR工具包\share_20230823\AUTOSAR_TOOLs\S32K144_SIP\MICROSAR\CBD1800257_D01_S32K1xx\Applications\S32K144_Start_new_IAR\Debug\Obj\Appl\Source\CtLedTask.o"
#        "D:\WebDown\S32K144\S32K144 …\S32K144
#        AUTOSAR工具包\share_20230823\AUTOSAR_TOOLs\S32K144_SIP\MICROSAR\CBD1800257_D01_S32K1xx\Applications\S32K144_Start_new_IAR\Debug\Obj\BSW\Dcm\Dcm.o"
#        "D:\WebDown\S32K144\S32K144 …\S32K144
#        AUTOSAR工具包\share_20230823\AUTOSAR_TOOLs\S32K144_SIP\MICROSAR\CBD1800257_D01_S32K1xx\Applications\S32K144_Start_new_IAR\Debug\Obj\Appl\Source\Dcm_Callout_Stubs.o"
#        "D:\WebDown\S32K144\S32K144 …\S32K144
#        AUTOSAR工具包\share_20230823\AUTOSAR_TOOLs\S32K144_SIP\MICROSAR\CBD1800257_D01_S32K1xx\Applications\S32K144_Start_new_IAR\Debug\Obj\Appl\GenData\Dcm_Lcfg.o"
#        "D:\WebDown\S32K144\S32K144 …\S32K144
#        AUTOSAR工具包\share_20230823\AUTOSAR_TOOLs\S32K144_SIP\MICROSAR\CBD1800257_D01_S32K1xx\Applications\S32K144_Start_new_IAR\Debug\Obj\Appl\GenData\Dcm_PBcfg.o"
#        "D:\WebDown\S32K144\S32K144 …\S32K144
#        AUTOSAR工具包\share_20230823\AUTOSAR_TOOLs\S32K144_SIP\MICROSAR\CBD1800257_D01_S32K1xx\Applications\S32K144_Start_new_IAR\Debug\Obj\BSW\Dem\Dem.o"
#        "D:\WebDown\S32K144\S32K144 …\S32K144
#        AUTOSAR工具包\share_20230823\AUTOSAR_TOOLs\S32K144_SIP\MICROSAR\CBD1800257_D01_S32K1xx\Applications\S32K144_Start_new_IAR\Debug\Obj\Appl\GenData\Dem_Lcfg.o"
#        "D:\WebDown\S32K144\S32K144 …\S32K144
#        AUTOSAR工具包\share_20230823\AUTOSAR_TOOLs\S32K144_SIP\MICROSAR\CBD1800257_D01_S32K1xx\Applications\S32K144_Start_new_IAR\Debug\Obj\Appl\GenData\Dem_PBcfg.o"
#        "D:\WebDown\S32K144\S32K144 …\S32K144
#        AUTOSAR工具包\share_20230823\AUTOSAR_TOOLs\S32K144_SIP\MICROSAR\CBD1800257_D01_S32K1xx\Applications\S32K144_Start_new_IAR\Debug\Obj\BSW\Det\Det.o"
#        "D:\WebDown\S32K144\S32K144 …\S32K144
#        AUTOSAR工具包\share_20230823\AUTOSAR_TOOLs\S32K144_SIP\MICROSAR\CBD1800257_D01_S32K1xx\Applications\S32K144_Start_new_IAR\Debug\Obj\Appl\GenData\Det_Cfg.o"
#        "D:\WebDown\S32K144\S32K144 …\S32K144
#        AUTOSAR工具包\share_20230823\AUTOSAR_TOOLs\S32K144_SIP\MICROSAR\CBD1800257_D01_S32K1xx\Applications\S32K144_Start_new_IAR\Debug\Obj\MCAL\DIO\Dio.o"
#        "D:\WebDown\S32K144\S32K144 …\S32K144
#        AUTOSAR工具包\share_20230823\AUTOSAR_TOOLs\S32K144_SIP\MICROSAR\CBD1800257_D01_S32K1xx\Applications\S32K144_Start_new_IAR\Debug\Obj\Appl\GenData\src\Dio_Cfg.o"
#        "D:\WebDown\S32K144\S32K144 …\S32K144
#        AUTOSAR工具包\share_20230823\AUTOSAR_TOOLs\S32K144_SIP\MICROSAR\CBD1800257_D01_S32K1xx\Applications\S32K144_Start_new_IAR\Debug\Obj\MCAL\DIO\Dio_Gpio.o"
#        "D:\WebDown\S32K144\S32K144 …\S32K144
#        AUTOSAR工具包\share_20230823\AUTOSAR_TOOLs\S32K144_SIP\MICROSAR\CBD1800257_D01_S32K1xx\Applications\S32K144_Start_new_IAR\Debug\Obj\BSW\EcuM\EcuM.o"
#        "D:\WebDown\S32K144\S32K144 …\S32K144
#        AUTOSAR工具包\share_20230823\AUTOSAR_TOOLs\S32K144_SIP\MICROSAR\CBD1800257_D01_S32K1xx\Applications\S32K144_Start_new_IAR\Debug\Obj\Appl\Source\EcuM_Callout_Stubs.o"
#        "D:\WebDown\S32K144\S32K144 …\S32K144
#        AUTOSAR工具包\share_20230823\AUTOSAR_TOOLs\S32K144_SIP\MICROSAR\CBD1800257_D01_S32K1xx\Applications\S32K144_Start_new_IAR\Debug\Obj\Appl\GenData\EcuM_Cfg.o"
#        "D:\WebDown\S32K144\S32K144 …\S32K144
#        AUTOSAR工具包\share_20230823\AUTOSAR_TOOLs\S32K144_SIP\MICROSAR\CBD1800257_D01_S32K1xx\Applications\S32K144_Start_new_IAR\Debug\Obj\Appl\GenData\EcuM_Init_Cfg.o"
#        "D:\WebDown\S32K144\S32K144 …\S32K144
#        AUTOSAR工具包\share_20230823\AUTOSAR_TOOLs\S32K144_SIP\MICROSAR\CBD1800257_D01_S32K1xx\Applications\S32K144_Start_new_IAR\Debug\Obj\Appl\GenData\EcuM_Init_PBcfg.o"
#        "D:\WebDown\S32K144\S32K144 …\S32K144
#        AUTOSAR工具包\share_20230823\AUTOSAR_TOOLs\S32K144_SIP\MICROSAR\CBD1800257_D01_S32K1xx\Applications\S32K144_Start_new_IAR\Debug\Obj\Appl\GenData\EcuM_PBcfg.o"
#        "D:\WebDown\S32K144\S32K144 …\S32K144
#        AUTOSAR工具包\share_20230823\AUTOSAR_TOOLs\S32K144_SIP\MICROSAR\CBD1800257_D01_S32K1xx\Applications\S32K144_Start_new_IAR\Debug\Obj\MCAL\MCU\Mcu.o"
#        "D:\WebDown\S32K144\S32K144 …\S32K144
#        AUTOSAR工具包\share_20230823\AUTOSAR_TOOLs\S32K144_SIP\MICROSAR\CBD1800257_D01_S32K1xx\Applications\S32K144_Start_new_IAR\Debug\Obj\Appl\GenData\src\Mcu_Cfg.o"
#        "D:\WebDown\S32K144\S32K144 …\S32K144
#        AUTOSAR工具包\share_20230823\AUTOSAR_TOOLs\S32K144_SIP\MICROSAR\CBD1800257_D01_S32K1xx\Applications\S32K144_Start_new_IAR\Debug\Obj\MCAL\MCU\Mcu_CMU.o"
#        "D:\WebDown\S32K144\S32K144 …\S32K144
#        AUTOSAR工具包\share_20230823\AUTOSAR_TOOLs\S32K144_SIP\MICROSAR\CBD1800257_D01_S32K1xx\Applications\S32K144_Start_new_IAR\Debug\Obj\MCAL\MCU\Mcu_CMU_Irq.o"
#        "D:\WebDown\S32K144\S32K144 …\S32K144
#        AUTOSAR工具包\share_20230823\AUTOSAR_TOOLs\S32K144_SIP\MICROSAR\CBD1800257_D01_S32K1xx\Applications\S32K144_Start_new_IAR\Debug\Obj\MCAL\MCU\Mcu_CortexM4.o"
#        "D:\WebDown\S32K144\S32K144 …\S32K144
#        AUTOSAR工具包\share_20230823\AUTOSAR_TOOLs\S32K144_SIP\MICROSAR\CBD1800257_D01_S32K1xx\Applications\S32K144_Start_new_IAR\Debug\Obj\MCAL\MCU\Mcu_IPW.o"
#        "D:\WebDown\S32K144\S32K144 …\S32K144
#        AUTOSAR工具包\share_20230823\AUTOSAR_TOOLs\S32K144_SIP\MICROSAR\CBD1800257_D01_S32K1xx\Applications\S32K144_Start_new_IAR\Debug\Obj\MCAL\MCU\Mcu_IPW_Irq.o"
#        "D:\WebDown\S32K144\S32K144 …\S32K144
#        AUTOSAR工具包\share_20230823\AUTOSAR_TOOLs\S32K144_SIP\MICROSAR\CBD1800257_D01_S32K1xx\Applications\S32K144_Start_new_IAR\Debug\Obj\Appl\GenData\src\Mcu_PBcfg.o"
#        "D:\WebDown\S32K144\S32K144 …\S32K144
#        AUTOSAR工具包\share_20230823\AUTOSAR_TOOLs\S32K144_SIP\MICROSAR\CBD1800257_D01_S32K1xx\Applications\S32K144_Start_new_IAR\Debug\Obj\MCAL\MCU\Mcu_PCC.o"
#        "D:\WebDown\S32K144\S32K144 …\S32K144
#        AUTOSAR工具包\share_20230823\AUTOSAR_TOOLs\S32K144_SIP\MICROSAR\CBD1800257_D01_S32K1xx\Applications\S32K144_Start_new_IAR\Debug\Obj\MCAL\MCU\Mcu_PMC.o"
#        "D:\WebDown\S32K144\S32K144 …\S32K144
#        AUTOSAR工具包\share_20230823\AUTOSAR_TOOLs\S32K144_SIP\MICROSAR\CBD1800257_D01_S32K1xx\Applications\S32K144_Start_new_IAR\Debug\Obj\MCAL\MCU\Mcu_PMC_Irq.o"
#        "D:\WebDown\S32K144\S32K144 …\S32K144
#        AUTOSAR工具包\share_20230823\AUTOSAR_TOOLs\S32K144_SIP\MICROSAR\CBD1800257_D01_S32K1xx\Applications\S32K144_Start_new_IAR\Debug\Obj\MCAL\MCU\Mcu_RCM.o"
#        "D:\WebDown\S32K144\S32K144 …\S32K144
#        AUTOSAR工具包\share_20230823\AUTOSAR_TOOLs\S32K144_SIP\MICROSAR\CBD1800257_D01_S32K1xx\Applications\S32K144_Start_new_IAR\Debug\Obj\MCAL\MCU\Mcu_SCG.o"
#        "D:\WebDown\S32K144\S32K144 …\S32K144
#        AUTOSAR工具包\share_20230823\AUTOSAR_TOOLs\S32K144_SIP\MICROSAR\CBD1800257_D01_S32K1xx\Applications\S32K144_Start_new_IAR\Debug\Obj\MCAL\MCU\Mcu_SIM.o"
#        "D:\WebDown\S32K144\S32K144 …\S32K144
#        AUTOSAR工具包\share_20230823\AUTOSAR_TOOLs\S32K144_SIP\MICROSAR\CBD1800257_D01_S32K1xx\Applications\S32K144_Start_new_IAR\Debug\Obj\MCAL\MCU\Mcu_SMC.o"
#        "D:\WebDown\S32K144\S32K144 …\S32K144
#        AUTOSAR工具包\share_20230823\AUTOSAR_TOOLs\S32K144_SIP\MICROSAR\CBD1800257_D01_S32K1xx\Applications\S32K144_Start_new_IAR\Debug\Obj\BSW\Nm\Nm.o"
#        "D:\WebDown\S32K144\S32K144 …\S32K144
#        AUTOSAR工具包\share_20230823\AUTOSAR_TOOLs\S32K144_SIP\MICROSAR\CBD1800257_D01_S32K1xx\Applications\S32K144_Start_new_IAR\Debug\Obj\BSW\Os\Os_AccessCheck.o"
#        "D:\WebDown\S32K144\S32K144 …\S32K144
#        AUTOSAR工具包\share_20230823\AUTOSAR_TOOLs\S32K144_SIP\MICROSAR\CBD1800257_D01_S32K1xx\Applications\S32K144_Start_new_IAR\Debug\Obj\Appl\GenData\Os_AccessCheck_Lcfg.o"
#        "D:\WebDown\S32K144\S32K144 …\S32K144
#        AUTOSAR工具包\share_20230823\AUTOSAR_TOOLs\S32K144_SIP\MICROSAR\CBD1800257_D01_S32K1xx\Applications\S32K144_Start_new_IAR\Debug\Obj\BSW\Os\Os_Alarm.o"
#        "D:\WebDown\S32K144\S32K144 …\S32K144
#        AUTOSAR工具包\share_20230823\AUTOSAR_TOOLs\S32K144_SIP\MICROSAR\CBD1800257_D01_S32K1xx\Applications\S32K144_Start_new_IAR\Debug\Obj\Appl\GenData\Os_Alarm_Lcfg.o"
#        "D:\WebDown\S32K144\S32K144 …\S32K144
#        AUTOSAR工具包\share_20230823\AUTOSAR_TOOLs\S32K144_SIP\MICROSAR\CBD1800257_D01_S32K1xx\Applications\S32K144_Start_new_IAR\Debug\Obj\BSW\Os\Os_Application.o"
#        "D:\WebDown\S32K144\S32K144 …\S32K144
#        AUTOSAR工具包\share_20230823\AUTOSAR_TOOLs\S32K144_SIP\MICROSAR\CBD1800257_D01_S32K1xx\Applications\S32K144_Start_new_IAR\Debug\Obj\Appl\GenData\Os_Application_Lcfg.o"
#        "D:\WebDown\S32K144\S32K144 …\S32K144
#        AUTOSAR工具包\share_20230823\AUTOSAR_TOOLs\S32K144_SIP\MICROSAR\CBD1800257_D01_S32K1xx\Applications\S32K144_Start_new_IAR\Debug\Obj\BSW\Os\Os_Barrier.o"
#        "D:\WebDown\S32K144\S32K144 …\S32K144
#        AUTOSAR工具包\share_20230823\AUTOSAR_TOOLs\S32K144_SIP\MICROSAR\CBD1800257_D01_S32K1xx\Applications\S32K144_Start_new_IAR\Debug\Obj\Appl\GenData\Os_Barrier_Lcfg.o"
#        "D:\WebDown\S32K144\S32K144 …\S32K144
#        AUTOSAR工具包\share_20230823\AUTOSAR_TOOLs\S32K144_SIP\MICROSAR\CBD1800257_D01_S32K1xx\Applications\S32K144_Start_new_IAR\Debug\Obj\BSW\Os\Os_Bit.o"
#        "D:\WebDown\S32K144\S32K144 …\S32K144
#        AUTOSAR工具包\share_20230823\AUTOSAR_TOOLs\S32K144_SIP\MICROSAR\CBD1800257_D01_S32K1xx\Applications\S32K144_Start_new_IAR\Debug\Obj\BSW\Os\Os_BitArray.o"
#        "D:\WebDown\S32K144\S32K144 …\S32K144
#        AUTOSAR工具包\share_20230823\AUTOSAR_TOOLs\S32K144_SIP\MICROSAR\CBD1800257_D01_S32K1xx\Applications\S32K144_Start_new_IAR\Debug\Obj\Appl\Source\Os_Callout_Stubs.o"
#        "D:\WebDown\S32K144\S32K144 …\S32K144
#        AUTOSAR工具包\share_20230823\AUTOSAR_TOOLs\S32K144_SIP\MICROSAR\CBD1800257_D01_S32K1xx\Applications\S32K144_Start_new_IAR\Debug\Obj\BSW\Os\Os_Core.o"
#        "D:\WebDown\S32K144\S32K144 …\S32K144
#        AUTOSAR工具包\share_20230823\AUTOSAR_TOOLs\S32K144_SIP\MICROSAR\CBD1800257_D01_S32K1xx\Applications\S32K144_Start_new_IAR\Debug\Obj\Appl\GenData\Os_Core_Lcfg.o"
#        "D:\WebDown\S32K144\S32K144 …\S32K144
#        AUTOSAR工具包\share_20230823\AUTOSAR_TOOLs\S32K144_SIP\MICROSAR\CBD1800257_D01_S32K1xx\Applications\S32K144_Start_new_IAR\Debug\Obj\BSW\Os\Os_Counter.o"
#        "D:\WebDown\S32K144\S32K144 …\S32K144
#        AUTOSAR工具包\share_20230823\AUTOSAR_TOOLs\S32K144_SIP\MICROSAR\CBD1800257_D01_S32K1xx\Applications\S32K144_Start_new_IAR\Debug\Obj\Appl\GenData\Os_Counter_Lcfg.o"
#        "D:\WebDown\S32K144\S32K144 …\S32K144
#        AUTOSAR工具包\share_20230823\AUTOSAR_TOOLs\S32K144_SIP\MICROSAR\CBD1800257_D01_S32K1xx\Applications\S32K144_Start_new_IAR\Debug\Obj\BSW\Os\Os_Deque.o"
#        "D:\WebDown\S32K144\S32K144 …\S32K144
#        AUTOSAR工具包\share_20230823\AUTOSAR_TOOLs\S32K144_SIP\MICROSAR\CBD1800257_D01_S32K1xx\Applications\S32K144_Start_new_IAR\Debug\Obj\BSW\Os\Os_Error.o"
#        "D:\WebDown\S32K144\S32K144 …\S32K144
#        AUTOSAR工具包\share_20230823\AUTOSAR_TOOLs\S32K144_SIP\MICROSAR\CBD1800257_D01_S32K1xx\Applications\S32K144_Start_new_IAR\Debug\Obj\Appl\GenData\Os_Error_Lcfg.o"
#        "D:\WebDown\S32K144\S32K144 …\S32K144
#        AUTOSAR工具包\share_20230823\AUTOSAR_TOOLs\S32K144_SIP\MICROSAR\CBD1800257_D01_S32K1xx\Applications\S32K144_Start_new_IAR\Debug\Obj\BSW\Os\Os_Event.o"
#        "D:\WebDown\S32K144\S32K144 …\S32K144
#        AUTOSAR工具包\share_20230823\AUTOSAR_TOOLs\S32K144_SIP\MICROSAR\CBD1800257_D01_S32K1xx\Applications\S32K144_Start_new_IAR\Debug\Obj\BSW\Os\Os_Fifo.o"
#        "D:\WebDown\S32K144\S32K144 …\S32K144
#        AUTOSAR工具包\share_20230823\AUTOSAR_TOOLs\S32K144_SIP\MICROSAR\CBD1800257_D01_S32K1xx\Applications\S32K144_Start_new_IAR\Debug\Obj\BSW\Os\Os_Fifo08.o"
#        "D:\WebDown\S32K144\S32K144 …\S32K144
#        AUTOSAR工具包\share_20230823\AUTOSAR_TOOLs\S32K144_SIP\MICROSAR\CBD1800257_D01_S32K1xx\Applications\S32K144_Start_new_IAR\Debug\Obj\BSW\Os\Os_Fifo16.o"
#        "D:\WebDown\S32K144\S32K144 …\S32K144
#        AUTOSAR工具包\share_20230823\AUTOSAR_TOOLs\S32K144_SIP\MICROSAR\CBD1800257_D01_S32K1xx\Applications\S32K144_Start_new_IAR\Debug\Obj\BSW\Os\Os_Fifo32.o"
#        "D:\WebDown\S32K144\S32K144 …\S32K144
#        AUTOSAR工具包\share_20230823\AUTOSAR_TOOLs\S32K144_SIP\MICROSAR\CBD1800257_D01_S32K1xx\Applications\S32K144_Start_new_IAR\Debug\Obj\BSW\Os\Os_FifoRef.o"
#        "D:\WebDown\S32K144\S32K144 …\S32K144
#        AUTOSAR工具包\share_20230823\AUTOSAR_TOOLs\S32K144_SIP\MICROSAR\CBD1800257_D01_S32K1xx\Applications\S32K144_Start_new_IAR\Debug\Obj\BSW\Os\Os_Hal_Compiler_Arm.o"
#        "D:\WebDown\S32K144\S32K144 …\S32K144
#        AUTOSAR工具包\share_20230823\AUTOSAR_TOOLs\S32K144_SIP\MICROSAR\CBD1800257_D01_S32K1xx\Applications\S32K144_Start_new_IAR\Debug\Obj\BSW\Os\Os_Hal_Compiler_Iar.o"
#        "D:\WebDown\S32K144\S32K144 …\S32K144
#        AUTOSAR工具包\share_20230823\AUTOSAR_TOOLs\S32K144_SIP\MICROSAR\CBD1800257_D01_S32K1xx\Applications\S32K144_Start_new_IAR\Debug\Obj\Appl\GenData\Os_Hal_Context_Lcfg.o"
#        "D:\WebDown\S32K144\S32K144 …\S32K144
#        AUTOSAR工具包\share_20230823\AUTOSAR_TOOLs\S32K144_SIP\MICROSAR\CBD1800257_D01_S32K1xx\Applications\S32K144_Start_new_IAR\Debug\Obj\BSW\Os\Os_Hal_Context_v7m.o"
#        "D:\WebDown\S32K144\S32K144 …\S32K144
#        AUTOSAR工具包\share_20230823\AUTOSAR_TOOLs\S32K144_SIP\MICROSAR\CBD1800257_D01_S32K1xx\Applications\S32K144_Start_new_IAR\Debug\Obj\BSW\Os\Os_Hal_ContextAsm.o"
#        "D:\WebDown\S32K144\S32K144 …\S32K144
#        AUTOSAR工具包\share_20230823\AUTOSAR_TOOLs\S32K144_SIP\MICROSAR\CBD1800257_D01_S32K1xx\Applications\S32K144_Start_new_IAR\Debug\Obj\BSW\Os\Os_Hal_Core.o"
#        "D:\WebDown\S32K144\S32K144 …\S32K144
#        AUTOSAR工具包\share_20230823\AUTOSAR_TOOLs\S32K144_SIP\MICROSAR\CBD1800257_D01_S32K1xx\Applications\S32K144_Start_new_IAR\Debug\Obj\Appl\GenData\Os_Hal_Core_Lcfg.o"
#        "D:\WebDown\S32K144\S32K144 …\S32K144
#        AUTOSAR工具包\share_20230823\AUTOSAR_TOOLs\S32K144_SIP\MICROSAR\CBD1800257_D01_S32K1xx\Applications\S32K144_Start_new_IAR\Debug\Obj\BSW\Os\Os_Hal_Entry.o"
#        "D:\WebDown\S32K144\S32K144 …\S32K144
#        AUTOSAR工具包\share_20230823\AUTOSAR_TOOLs\S32K144_SIP\MICROSAR\CBD1800257_D01_S32K1xx\Applications\S32K144_Start_new_IAR\Debug\Obj\Appl\GenData\Os_Hal_Entry_Lcfg.o"
#        "D:\WebDown\S32K144\S32K144 …\S32K144
#        AUTOSAR工具包\share_20230823\AUTOSAR_TOOLs\S32K144_SIP\MICROSAR\CBD1800257_D01_S32K1xx\Applications\S32K144_Start_new_IAR\Debug\Obj\Appl\GenData\Os_Hal_EntryAsm_Lcfg.o"
#        "D:\WebDown\S32K144\S32K144 …\S32K144
#        AUTOSAR工具包\share_20230823\AUTOSAR_TOOLs\S32K144_SIP\MICROSAR\CBD1800257_D01_S32K1xx\Applications\S32K144_Start_new_IAR\Debug\Obj\Appl\GenData\Os_Hal_Interrupt_Lcfg.o"
#        "D:\WebDown\S32K144\S32K144 …\S32K144
#        AUTOSAR工具包\share_20230823\AUTOSAR_TOOLs\S32K144_SIP\MICROSAR\CBD1800257_D01_S32K1xx\Applications\S32K144_Start_new_IAR\Debug\Obj\Appl\GenData\Os_Hal_Kernel_Lcfg.o"
#        "D:\WebDown\S32K144\S32K144 …\S32K144
#        AUTOSAR工具包\share_20230823\AUTOSAR_TOOLs\S32K144_SIP\MICROSAR\CBD1800257_D01_S32K1xx\Applications\S32K144_Start_new_IAR\Debug\Obj\Appl\GenData\Os_Hal_MemoryProtection_Lcfg.o"
#        "D:\WebDown\S32K144\S32K144 …\S32K144
#        AUTOSAR工具包\share_20230823\AUTOSAR_TOOLs\S32K144_SIP\MICROSAR\CBD1800257_D01_S32K1xx\Applications\S32K144_Start_new_IAR\Debug\Obj\Appl\GenData\Os_Hal_Timer_Lcfg.o"
#        "D:\WebDown\S32K144\S32K144 …\S32K144
#        AUTOSAR工具包\share_20230823\AUTOSAR_TOOLs\S32K144_SIP\MICROSAR\CBD1800257_D01_S32K1xx\Applications\S32K144_Start_new_IAR\Debug\Obj\BSW\Os\Os_Hook.o"
#        "D:\WebDown\S32K144\S32K144 …\S32K144
#        AUTOSAR工具包\share_20230823\AUTOSAR_TOOLs\S32K144_SIP\MICROSAR\CBD1800257_D01_S32K1xx\Applications\S32K144_Start_new_IAR\Debug\Obj\Appl\GenData\Os_Hook_Lcfg.o"
#        "D:\WebDown\S32K144\S32K144 …\S32K144
#        AUTOSAR工具包\share_20230823\AUTOSAR_TOOLs\S32K144_SIP\MICROSAR\CBD1800257_D01_S32K1xx\Applications\S32K144_Start_new_IAR\Debug\Obj\BSW\Os\Os_Interrupt.o"
#        "D:\WebDown\S32K144\S32K144 …\S32K144
#        AUTOSAR工具包\share_20230823\AUTOSAR_TOOLs\S32K144_SIP\MICROSAR\CBD1800257_D01_S32K1xx\Applications\S32K144_Start_new_IAR\Debug\Obj\BSW\Os\Os_Ioc.o"
#        "D:\WebDown\S32K144\S32K144 …\S32K144
#        AUTOSAR工具包\share_20230823\AUTOSAR_TOOLs\S32K144_SIP\MICROSAR\CBD1800257_D01_S32K1xx\Applications\S32K144_Start_new_IAR\Debug\Obj\Appl\GenData\Os_Ioc_Lcfg.o"
#        "D:\WebDown\S32K144\S32K144 …\S32K144
#        AUTOSAR工具包\share_20230823\AUTOSAR_TOOLs\S32K144_SIP\MICROSAR\CBD1800257_D01_S32K1xx\Applications\S32K144_Start_new_IAR\Debug\Obj\BSW\Os\Os_Isr.o"
#        "D:\WebDown\S32K144\S32K144 …\S32K144
#        AUTOSAR工具包\share_20230823\AUTOSAR_TOOLs\S32K144_SIP\MICROSAR\CBD1800257_D01_S32K1xx\Applications\S32K144_Start_new_IAR\Debug\Obj\Appl\GenData\Os_Isr_Lcfg.o"
#        "D:\WebDown\S32K144\S32K144 …\S32K144
#        AUTOSAR工具包\share_20230823\AUTOSAR_TOOLs\S32K144_SIP\MICROSAR\CBD1800257_D01_S32K1xx\Applications\S32K144_Start_new_IAR\Debug\Obj\BSW\Os\Os_Job.o"
#        "D:\WebDown\S32K144\S32K144 …\S32K144
#        AUTOSAR工具包\share_20230823\AUTOSAR_TOOLs\S32K144_SIP\MICROSAR\CBD1800257_D01_S32K1xx\Applications\S32K144_Start_new_IAR\Debug\Obj\BSW\Os\Os_Lock.o"
#        "D:\WebDown\S32K144\S32K144 …\S32K144
#        AUTOSAR工具包\share_20230823\AUTOSAR_TOOLs\S32K144_SIP\MICROSAR\CBD1800257_D01_S32K1xx\Applications\S32K144_Start_new_IAR\Debug\Obj\BSW\Os\Os_MemoryProtection.o"
#        "D:\WebDown\S32K144\S32K144 …\S32K144
#        AUTOSAR工具包\share_20230823\AUTOSAR_TOOLs\S32K144_SIP\MICROSAR\CBD1800257_D01_S32K1xx\Applications\S32K144_Start_new_IAR\Debug\Obj\Appl\GenData\Os_MemoryProtection_Lcfg.o"
#        "D:\WebDown\S32K144\S32K144 …\S32K144
#        AUTOSAR工具包\share_20230823\AUTOSAR_TOOLs\S32K144_SIP\MICROSAR\CBD1800257_D01_S32K1xx\Applications\S32K144_Start_new_IAR\Debug\Obj\BSW\Os\Os_Peripheral.o"
#        "D:\WebDown\S32K144\S32K144 …\S32K144
#        AUTOSAR工具包\share_20230823\AUTOSAR_TOOLs\S32K144_SIP\MICROSAR\CBD1800257_D01_S32K1xx\Applications\S32K144_Start_new_IAR\Debug\Obj\Appl\GenData\Os_Peripheral_Lcfg.o"
#        "D:\WebDown\S32K144\S32K144 …\S32K144
#        AUTOSAR工具包\share_20230823\AUTOSAR_TOOLs\S32K144_SIP\MICROSAR\CBD1800257_D01_S32K1xx\Applications\S32K144_Start_new_IAR\Debug\Obj\BSW\Os\Os_PriorityQueue.o"
#        "D:\WebDown\S32K144\S32K144 …\S32K144
#        AUTOSAR工具包\share_20230823\AUTOSAR_TOOLs\S32K144_SIP\MICROSAR\CBD1800257_D01_S32K1xx\Applications\S32K144_Start_new_IAR\Debug\Obj\BSW\Os\Os_Resource.o"
#        "D:\WebDown\S32K144\S32K144 …\S32K144
#        AUTOSAR工具包\share_20230823\AUTOSAR_TOOLs\S32K144_SIP\MICROSAR\CBD1800257_D01_S32K1xx\Applications\S32K144_Start_new_IAR\Debug\Obj\Appl\GenData\Os_Resource_Lcfg.o"
#        "D:\WebDown\S32K144\S32K144 …\S32K144
#        AUTOSAR工具包\share_20230823\AUTOSAR_TOOLs\S32K144_SIP\MICROSAR\CBD1800257_D01_S32K1xx\Applications\S32K144_Start_new_IAR\Debug\Obj\BSW\Os\Os_Scheduler.o"
#        "D:\WebDown\S32K144\S32K144 …\S32K144
#        AUTOSAR工具包\share_20230823\AUTOSAR_TOOLs\S32K144_SIP\MICROSAR\CBD1800257_D01_S32K1xx\Applications\S32K144_Start_new_IAR\Debug\Obj\Appl\GenData\Os_Scheduler_Lcfg.o"
#        "D:\WebDown\S32K144\S32K144 …\S32K144
#        AUTOSAR工具包\share_20230823\AUTOSAR_TOOLs\S32K144_SIP\MICROSAR\CBD1800257_D01_S32K1xx\Applications\S32K144_Start_new_IAR\Debug\Obj\BSW\Os\Os_ScheduleTable.o"
#        "D:\WebDown\S32K144\S32K144 …\S32K144
#        AUTOSAR工具包\share_20230823\AUTOSAR_TOOLs\S32K144_SIP\MICROSAR\CBD1800257_D01_S32K1xx\Applications\S32K144_Start_new_IAR\Debug\Obj\Appl\GenData\Os_ScheduleTable_Lcfg.o"
#        "D:\WebDown\S32K144\S32K144 …\S32K144
#        AUTOSAR工具包\share_20230823\AUTOSAR_TOOLs\S32K144_SIP\MICROSAR\CBD1800257_D01_S32K1xx\Applications\S32K144_Start_new_IAR\Debug\Obj\BSW\Os\Os_ServiceFunction.o"
#        "D:\WebDown\S32K144\S32K144 …\S32K144
#        AUTOSAR工具包\share_20230823\AUTOSAR_TOOLs\S32K144_SIP\MICROSAR\CBD1800257_D01_S32K1xx\Applications\S32K144_Start_new_IAR\Debug\Obj\Appl\GenData\Os_ServiceFunction_Lcfg.o"
#        "D:\WebDown\S32K144\S32K144 …\S32K144
#        AUTOSAR工具包\share_20230823\AUTOSAR_TOOLs\S32K144_SIP\MICROSAR\CBD1800257_D01_S32K1xx\Applications\S32K144_Start_new_IAR\Debug\Obj\BSW\Os\Os_Spinlock.o"
#        "D:\WebDown\S32K144\S32K144 …\S32K144
#        AUTOSAR工具包\share_20230823\AUTOSAR_TOOLs\S32K144_SIP\MICROSAR\CBD1800257_D01_S32K1xx\Applications\S32K144_Start_new_IAR\Debug\Obj\Appl\GenData\Os_Spinlock_Lcfg.o"
#        "D:\WebDown\S32K144\S32K144 …\S32K144
#        AUTOSAR工具包\share_20230823\AUTOSAR_TOOLs\S32K144_SIP\MICROSAR\CBD1800257_D01_S32K1xx\Applications\S32K144_Start_new_IAR\Debug\Obj\BSW\Os\Os_Stack.o"
#        "D:\WebDown\S32K144\S32K144 …\S32K144
#        AUTOSAR工具包\share_20230823\AUTOSAR_TOOLs\S32K144_SIP\MICROSAR\CBD1800257_D01_S32K1xx\Applications\S32K144_Start_new_IAR\Debug\Obj\Appl\GenData\Os_Stack_Lcfg.o"
#        "D:\WebDown\S32K144\S32K144 …\S32K144
#        AUTOSAR工具包\share_20230823\AUTOSAR_TOOLs\S32K144_SIP\MICROSAR\CBD1800257_D01_S32K1xx\Applications\S32K144_Start_new_IAR\Debug\Obj\BSW\Os\Os_Task.o"
#        "D:\WebDown\S32K144\S32K144 …\S32K144
#        AUTOSAR工具包\share_20230823\AUTOSAR_TOOLs\S32K144_SIP\MICROSAR\CBD1800257_D01_S32K1xx\Applications\S32K144_Start_new_IAR\Debug\Obj\Appl\GenData\Os_Task_Lcfg.o"
#        "D:\WebDown\S32K144\S32K144 …\S32K144
#        AUTOSAR工具包\share_20230823\AUTOSAR_TOOLs\S32K144_SIP\MICROSAR\CBD1800257_D01_S32K1xx\Applications\S32K144_Start_new_IAR\Debug\Obj\BSW\Os\Os_Thread.o"
#        "D:\WebDown\S32K144\S32K144 …\S32K144
#        AUTOSAR工具包\share_20230823\AUTOSAR_TOOLs\S32K144_SIP\MICROSAR\CBD1800257_D01_S32K1xx\Applications\S32K144_Start_new_IAR\Debug\Obj\BSW\Os\Os_Timer.o"
#        "D:\WebDown\S32K144\S32K144 …\S32K144
#        AUTOSAR工具包\share_20230823\AUTOSAR_TOOLs\S32K144_SIP\MICROSAR\CBD1800257_D01_S32K1xx\Applications\S32K144_Start_new_IAR\Debug\Obj\BSW\Os\Os_TimingProtection.o"
#        "D:\WebDown\S32K144\S32K144 …\S32K144
#        AUTOSAR工具包\share_20230823\AUTOSAR_TOOLs\S32K144_SIP\MICROSAR\CBD1800257_D01_S32K1xx\Applications\S32K144_Start_new_IAR\Debug\Obj\Appl\GenData\Os_TimingProtection_Lcfg.o"
#        "D:\WebDown\S32K144\S32K144 …\S32K144
#        AUTOSAR工具包\share_20230823\AUTOSAR_TOOLs\S32K144_SIP\MICROSAR\CBD1800257_D01_S32K1xx\Applications\S32K144_Start_new_IAR\Debug\Obj\BSW\Os\Os_Trace.o"
#        "D:\WebDown\S32K144\S32K144 …\S32K144
#        AUTOSAR工具包\share_20230823\AUTOSAR_TOOLs\S32K144_SIP\MICROSAR\CBD1800257_D01_S32K1xx\Applications\S32K144_Start_new_IAR\Debug\Obj\Appl\GenData\Os_Trace_Lcfg.o"
#        "D:\WebDown\S32K144\S32K144 …\S32K144
#        AUTOSAR工具包\share_20230823\AUTOSAR_TOOLs\S32K144_SIP\MICROSAR\CBD1800257_D01_S32K1xx\Applications\S32K144_Start_new_IAR\Debug\Obj\BSW\Os\Os_Trap.o"
#        "D:\WebDown\S32K144\S32K144 …\S32K144
#        AUTOSAR工具包\share_20230823\AUTOSAR_TOOLs\S32K144_SIP\MICROSAR\CBD1800257_D01_S32K1xx\Applications\S32K144_Start_new_IAR\Debug\Obj\BSW\Os\Os_XSignal.o"
#        "D:\WebDown\S32K144\S32K144 …\S32K144
#        AUTOSAR工具包\share_20230823\AUTOSAR_TOOLs\S32K144_SIP\MICROSAR\CBD1800257_D01_S32K1xx\Applications\S32K144_Start_new_IAR\Debug\Obj\Appl\GenData\Os_XSignal_Lcfg.o"
#        "D:\WebDown\S32K144\S32K144 …\S32K144
#        AUTOSAR工具包\share_20230823\AUTOSAR_TOOLs\S32K144_SIP\MICROSAR\CBD1800257_D01_S32K1xx\Applications\S32K144_Start_new_IAR\Debug\Obj\Appl\Source\OsAppTask.o"
#        "D:\WebDown\S32K144\S32K144 …\S32K144
#        AUTOSAR工具包\share_20230823\AUTOSAR_TOOLs\S32K144_SIP\MICROSAR\CBD1800257_D01_S32K1xx\Applications\S32K144_Start_new_IAR\Debug\Obj\BSW\PduR\PduR.o"
#        "D:\WebDown\S32K144\S32K144 …\S32K144
#        AUTOSAR工具包\share_20230823\AUTOSAR_TOOLs\S32K144_SIP\MICROSAR\CBD1800257_D01_S32K1xx\Applications\S32K144_Start_new_IAR\Debug\Obj\BSW\PduR\PduR_Bm.o"
#        "D:\WebDown\S32K144\S32K144 …\S32K144
#        AUTOSAR工具包\share_20230823\AUTOSAR_TOOLs\S32K144_SIP\MICROSAR\CBD1800257_D01_S32K1xx\Applications\S32K144_Start_new_IAR\Debug\Obj\BSW\PduR\PduR_Fm.o"
#        "D:\WebDown\S32K144\S32K144 …\S32K144
#        AUTOSAR工具包\share_20230823\AUTOSAR_TOOLs\S32K144_SIP\MICROSAR\CBD1800257_D01_S32K1xx\Applications\S32K144_Start_new_IAR\Debug\Obj\Appl\GenData\PduR_Lcfg.o"
#        "D:\WebDown\S32K144\S32K144 …\S32K144
#        AUTOSAR工具包\share_20230823\AUTOSAR_TOOLs\S32K144_SIP\MICROSAR\CBD1800257_D01_S32K1xx\Applications\S32K144_Start_new_IAR\Debug\Obj\BSW\PduR\PduR_Lock.o"
#        "D:\WebDown\S32K144\S32K144 …\S32K144
#        AUTOSAR工具包\share_20230823\AUTOSAR_TOOLs\S32K144_SIP\MICROSAR\CBD1800257_D01_S32K1xx\Applications\S32K144_Start_new_IAR\Debug\Obj\BSW\PduR\PduR_McQ.o"
#        "D:\WebDown\S32K144\S32K144 …\S32K144
#        AUTOSAR工具包\share_20230823\AUTOSAR_TOOLs\S32K144_SIP\MICROSAR\CBD1800257_D01_S32K1xx\Applications\S32K144_Start_new_IAR\Debug\Obj\Appl\GenData\PduR_PBcfg.o"
#        "D:\WebDown\S32K144\S32K144 …\S32K144
#        AUTOSAR工具包\share_20230823\AUTOSAR_TOOLs\S32K144_SIP\MICROSAR\CBD1800257_D01_S32K1xx\Applications\S32K144_Start_new_IAR\Debug\Obj\BSW\PduR\PduR_RmIf.o"
#        "D:\WebDown\S32K144\S32K144 …\S32K144
#        AUTOSAR工具包\share_20230823\AUTOSAR_TOOLs\S32K144_SIP\MICROSAR\CBD1800257_D01_S32K1xx\Applications\S32K144_Start_new_IAR\Debug\Obj\BSW\PduR\PduR_RmTp.o"
#        "D:\WebDown\S32K144\S32K144 …\S32K144
#        AUTOSAR工具包\share_20230823\AUTOSAR_TOOLs\S32K144_SIP\MICROSAR\CBD1800257_D01_S32K1xx\Applications\S32K144_Start_new_IAR\Debug\Obj\BSW\PduR\PduR_RmTp_TxInst.o"
#        "D:\WebDown\S32K144\S32K144 …\S32K144
#        AUTOSAR工具包\share_20230823\AUTOSAR_TOOLs\S32K144_SIP\MICROSAR\CBD1800257_D01_S32K1xx\Applications\S32K144_Start_new_IAR\Debug\Obj\BSW\PduR\PduR_Sm.o"
#        "D:\WebDown\S32K144\S32K144 …\S32K144
#        AUTOSAR工具包\share_20230823\AUTOSAR_TOOLs\S32K144_SIP\MICROSAR\CBD1800257_D01_S32K1xx\Applications\S32K144_Start_new_IAR\Debug\Obj\MCAL\PORT\Port.o"
#        "D:\WebDown\S32K144\S32K144 …\S32K144
#        AUTOSAR工具包\share_20230823\AUTOSAR_TOOLs\S32K144_SIP\MICROSAR\CBD1800257_D01_S32K1xx\Applications\S32K144_Start_new_IAR\Debug\Obj\Appl\GenData\src\Port_Cfg.o"
#        "D:\WebDown\S32K144\S32K144 …\S32K144
#        AUTOSAR工具包\share_20230823\AUTOSAR_TOOLs\S32K144_SIP\MICROSAR\CBD1800257_D01_S32K1xx\Applications\S32K144_Start_new_IAR\Debug\Obj\MCAL\PORT\Port_Ipw.o"
#        "D:\WebDown\S32K144\S32K144 …\S32K144
#        AUTOSAR工具包\share_20230823\AUTOSAR_TOOLs\S32K144_SIP\MICROSAR\CBD1800257_D01_S32K1xx\Applications\S32K144_Start_new_IAR\Debug\Obj\Appl\GenData\src\Port_PBcfg.o"
#        "D:\WebDown\S32K144\S32K144 …\S32K144
#        AUTOSAR工具包\share_20230823\AUTOSAR_TOOLs\S32K144_SIP\MICROSAR\CBD1800257_D01_S32K1xx\Applications\S32K144_Start_new_IAR\Debug\Obj\MCAL\PORT\Port_Port_Ci.o"
#        "D:\WebDown\S32K144\S32K144 …\S32K144
#        AUTOSAR工具包\share_20230823\AUTOSAR_TOOLs\S32K144_SIP\MICROSAR\CBD1800257_D01_S32K1xx\Applications\S32K144_Start_new_IAR\Debug\Obj\Appl\GenData\Rte.o"
#        "D:\WebDown\S32K144\S32K144 …\S32K144
#        AUTOSAR工具包\share_20230823\AUTOSAR_TOOLs\S32K144_SIP\MICROSAR\CBD1800257_D01_S32K1xx\Applications\S32K144_Start_new_IAR\Debug\Obj\MCAL\SPI\Spi.o"
#        "D:\WebDown\S32K144\S32K144 …\S32K144
#        AUTOSAR工具包\share_20230823\AUTOSAR_TOOLs\S32K144_SIP\MICROSAR\CBD1800257_D01_S32K1xx\Applications\S32K144_Start_new_IAR\Debug\Obj\Appl\GenData\src\Spi_Cfg.o"
#        "D:\WebDown\S32K144\S32K144 …\S32K144
#        AUTOSAR工具包\share_20230823\AUTOSAR_TOOLs\S32K144_SIP\MICROSAR\CBD1800257_D01_S32K1xx\Applications\S32K144_Start_new_IAR\Debug\Obj\MCAL\SPI\Spi_LPspi.o"
#        "D:\WebDown\S32K144\S32K144 …\S32K144
#        AUTOSAR工具包\share_20230823\AUTOSAR_TOOLs\S32K144_SIP\MICROSAR\CBD1800257_D01_S32K1xx\Applications\S32K144_Start_new_IAR\Debug\Obj\MCAL\SPI\Spi_LPspi_Irq.o"
#        "D:\WebDown\S32K144\S32K144 …\S32K144
#        AUTOSAR工具包\share_20230823\AUTOSAR_TOOLs\S32K144_SIP\MICROSAR\CBD1800257_D01_S32K1xx\Applications\S32K144_Start_new_IAR\Debug\Obj\Appl\GenData\src\Spi_PBcfg.o"
#        "D:\WebDown\S32K144\S32K144 …\S32K144
#        AUTOSAR工具包\share_20230823\AUTOSAR_TOOLs\S32K144_SIP\MICROSAR\CBD1800257_D01_S32K1xx\Applications\S32K144_Start_new_IAR\Debug\Obj\Device\startup.o"
#        "D:\WebDown\S32K144\S32K144 …\S32K144
#        AUTOSAR工具包\share_20230823\AUTOSAR_TOOLs\S32K144_SIP\MICROSAR\CBD1800257_D01_S32K1xx\Applications\S32K144_Start_new_IAR\Debug\Obj\Device\startup_S32K148.o"
#        "D:\WebDown\S32K144\S32K144 …\S32K144
#        AUTOSAR工具包\share_20230823\AUTOSAR_TOOLs\S32K144_SIP\MICROSAR\CBD1800257_D01_S32K1xx\Applications\S32K144_Start_new_IAR\Debug\Obj\Device\system_S32K148.o"
#        "D:\WebDown\S32K144\S32K144 …\S32K144
#        AUTOSAR工具包\share_20230823\AUTOSAR_TOOLs\S32K144_SIP\MICROSAR\CBD1800257_D01_S32K1xx\Applications\S32K144_Start_new_IAR\Debug\Obj\BSW\VstdLib\vstdlib.o"
#        --no_out_extension -o "D:\WebDown\S32K144\S32K144 …\S32K144
#        AUTOSAR工具包\share_20230823\AUTOSAR_TOOLs\S32K144_SIP\MICROSAR\CBD1800257_D01_S32K1xx\Applications\S32K144_Start_new_IAR\Debug\Exe\ASR_S32K144_Start.out"
#        --map "D:\WebDown\S32K144\S32K144 …\S32K144
#        AUTOSAR工具包\share_20230823\AUTOSAR_TOOLs\S32K144_SIP\MICROSAR\CBD1800257_D01_S32K1xx\Applications\S32K144_Start_new_IAR\Debug\List\ASR_S32K144_Start.map"
#        --config "D:\WebDown\S32K144\S32K144 …\S32K144
#        AUTOSAR工具包\share_20230823\AUTOSAR_TOOLs\S32K144_SIP\MICROSAR\CBD1800257_D01_S32K1xx\Applications\S32K144_Start_new_IAR\Appl\S32K148Asr.icf"
#        --semihosting --entry __iar_program_start --vfe --utf8_text_in
#        --text_out utf8 --cpu=Cortex-M4 --fpu=VFPv4_sp)
#
###############################################################################

*******************************************************************************
*** RUNTIME MODEL ATTRIBUTES
***

CppFlavor       = *
__CPP_Runtime   = 1
__SystemLibrary = DLib
__dlib_version  = 6


*******************************************************************************
*** HEAP SELECTION
***

The basic heap was selected because --advanced_heap
was not specified and the application did not appear to
be primarily optimized for speed.


*******************************************************************************
*** PLACEMENT SUMMARY
***

"P1":  place in [from 0x400 to 0x40f] { section FlashConfig };
define block OS_EXCVEC_CORE0_CODE_BLOCK
   with alignment = 8 { section .OS_EXCVEC_CORE0_CODE };
define block OS_EXCVEC_CORE0_CODE
   with fixed order {
      section OS_EXCVEC_CORE0_CODE_START_SEC, block OS_EXCVEC_CORE0_CODE_BLOCK,
      section OS_EXCVEC_CORE0_CODE_LIMIT_SEC };
"PROGRAM_FLASH__OS_EXCVEC_CORE0_CODE":
       place in [from 0x500 to 0x8'0000] { block OS_EXCVEC_CORE0_CODE };
define block OS_EXCVEC_CORE0_CONST_BLOCK
   with alignment = 8 { section .OS_EXCVEC_CORE0_CONST };
define block OS_EXCVEC_CORE0_CONST_FAST_BLOCK
   with alignment = 8 { section .OS_EXCVEC_CORE0_CONST_FAST };
define block OS_EXCVEC_CORE0_CONST
   with fixed order {
      section OS_EXCVEC_CORE0_CONST_START_SEC,
      block OS_EXCVEC_CORE0_CONST_BLOCK,
      block OS_EXCVEC_CORE0_CONST_FAST_BLOCK,
      section OS_EXCVEC_CORE0_CONST_LIMIT_SEC };
"VECTORS__OS_EXCVEC_CORE0_CONST":
       place in [from 0x0 to 0x3ff] { block OS_EXCVEC_CORE0_CONST };
define block OS_INTVEC_CODE_BLOCK
   with alignment = 128 { section .OS_INTVEC_CODE };
define block OS_INTVEC_CODE
   with fixed order, alignment = 128 {
      section OS_INTVEC_CODE_START_SEC, block OS_INTVEC_CODE_BLOCK,
      section OS_INTVEC_CODE_LIMIT_SEC };
"PROGRAM_FLASH__OS_INTVEC_CODE":
       place in [from 0x500 to 0x8'0000] { block OS_INTVEC_CODE };
define block OS_INTVEC_CORE0_CODE_BLOCK
   with alignment = 128 { section .OS_INTVEC_CORE0_CODE };
define block OS_INTVEC_CORE0_CODE
   with fixed order, alignment = 128 {
      section OS_INTVEC_CORE0_CODE_START_SEC, block OS_INTVEC_CORE0_CODE_BLOCK,
      section OS_INTVEC_CORE0_CODE_LIMIT_SEC };
"PROGRAM_FLASH__OS_INTVEC_CORE0_CODE":
       place in [from 0x500 to 0x8'0000] { block OS_INTVEC_CORE0_CODE };
define block OS_INTVEC_CORE0_CONST_BLOCK
   with alignment = 128 { section .OS_INTVEC_CORE0_CONST };
define block OS_INTVEC_CORE0_CONST_FAST_BLOCK
   with alignment = 128 { section .OS_INTVEC_CORE0_CONST_FAST };
define block OS_INTVEC_CORE0_CONST
   with fixed order, alignment = 128 {
      section OS_INTVEC_CORE0_CONST_START_SEC,
      block OS_INTVEC_CORE0_CONST_BLOCK,
      block OS_INTVEC_CORE0_CONST_FAST_BLOCK,
      section OS_INTVEC_CORE0_CONST_LIMIT_SEC };
"VECTORS__OS_INTVEC_CORE0_CONST":
       place in [from 0x0 to 0x3ff] { block OS_INTVEC_CORE0_CONST };
define block OS_STACK_DEFAULT_APPL_TASK_VAR_NOINIT_BLOCK
   with alignment = 32 { section .OS_STACK_DEFAULT_APPL_TASK_VAR_NOINIT };
define block OS_STACK_DEFAULT_BSW_ASYNC_TASK_VAR_NOINIT_BLOCK
   with alignment = 32 { section .OS_STACK_DEFAULT_BSW_ASYNC_TASK_VAR_NOINIT };
define block OS_STACK_OSCORE0_ERROR_VAR_NOINIT_BLOCK
   with alignment = 32 { section .OS_STACK_OSCORE0_ERROR_VAR_NOINIT };
define block OS_STACK_OSCORE0_INIT_VAR_NOINIT_BLOCK
   with alignment = 32 { section .OS_STACK_OSCORE0_INIT_VAR_NOINIT };
define block OS_STACK_OSCORE0_ISR_CORE_VAR_NOINIT_BLOCK
   with alignment = 32 { section .OS_STACK_OSCORE0_ISR_CORE_VAR_NOINIT };
define block OS_STACK_OSCORE0_KERNEL_VAR_NOINIT_BLOCK
   with alignment = 32 { section .OS_STACK_OSCORE0_KERNEL_VAR_NOINIT };
define block OS_STACK_OSCORE0_PROTECTION_VAR_NOINIT_BLOCK
   with alignment = 32 { section .OS_STACK_OSCORE0_PROTECTION_VAR_NOINIT };
define block OS_STACK_OSCORE0_TASK_PRIO10_VAR_NOINIT_BLOCK
   with alignment = 32 { section .OS_STACK_OSCORE0_TASK_PRIO10_VAR_NOINIT };
define block OS_STACK_OSCORE0_TASK_PRIO30_VAR_NOINIT_BLOCK
   with alignment = 32 { section .OS_STACK_OSCORE0_TASK_PRIO30_VAR_NOINIT };
define block OS_STACK_OSCORE0_TASK_PRIO40_VAR_NOINIT_BLOCK
   with alignment = 32 { section .OS_STACK_OSCORE0_TASK_PRIO40_VAR_NOINIT };
define block OS_STACK_OSCORE0_TASK_PRIO4294967295_VAR_NOINIT_BLOCK
   with alignment = 32 {
      section .OS_STACK_OSCORE0_TASK_PRIO4294967295_VAR_NOINIT };
define block OS_STACK_OSCORE0_TASK_PRIO45_VAR_NOINIT_BLOCK
   with alignment = 32 { section .OS_STACK_OSCORE0_TASK_PRIO45_VAR_NOINIT };
define block OS_STACK_OSCORE0_TASK_PRIO5_VAR_NOINIT_BLOCK
   with alignment = 32 { section .OS_STACK_OSCORE0_TASK_PRIO5_VAR_NOINIT };
define block OS_STACK_OSCORE0_TASK_PRIO50_VAR_NOINIT_BLOCK
   with alignment = 32 { section .OS_STACK_OSCORE0_TASK_PRIO50_VAR_NOINIT };
define block OS_STACK_OSCORE0_TASK_PRIO100_VAR_NOINIT_BLOCK
   with alignment = 32 { section .OS_STACK_OSCORE0_TASK_PRIO100_VAR_NOINIT };
define block OS_STACK_OSTASK_APP_VAR_NOINIT_BLOCK
   with alignment = 8 { section .OS_STACK_OSTASK_APP_VAR_NOINIT };
define block OS_STACK_OSTASK_BSW_SCHM_VAR_NOINIT_BLOCK
   with alignment = 8 { section .OS_STACK_OSTASK_BSW_SCHM_VAR_NOINIT };
define block OS_STACKS_CORE0_NOINIT
   with fixed order, alignment = 4 {
      section OS_STACKS_CORE0_NOINIT_START_SEC,
      block OS_STACK_DEFAULT_APPL_TASK_VAR_NOINIT_BLOCK,
      block OS_STACK_DEFAULT_BSW_ASYNC_TASK_VAR_NOINIT_BLOCK,
      block OS_STACK_OSCORE0_ERROR_VAR_NOINIT_BLOCK,
      block OS_STACK_OSCORE0_INIT_VAR_NOINIT_BLOCK,
      block OS_STACK_OSCORE0_ISR_CORE_VAR_NOINIT_BLOCK,
      block OS_STACK_OSCORE0_KERNEL_VAR_NOINIT_BLOCK,
      block OS_STACK_OSCORE0_PROTECTION_VAR_NOINIT_BLOCK,
      block OS_STACK_OSCORE0_TASK_PRIO10_VAR_NOINIT_BLOCK,
      block OS_STACK_OSCORE0_TASK_PRIO30_VAR_NOINIT_BLOCK,
      block OS_STACK_OSCORE0_TASK_PRIO40_VAR_NOINIT_BLOCK,
      block OS_STACK_OSCORE0_TASK_PRIO4294967295_VAR_NOINIT_BLOCK,
      block OS_STACK_OSCORE0_TASK_PRIO45_VAR_NOINIT_BLOCK,
      block OS_STACK_OSCORE0_TASK_PRIO5_VAR_NOINIT_BLOCK,
      block OS_STACK_OSCORE0_TASK_PRIO50_VAR_NOINIT_BLOCK,
      block OS_STACK_OSCORE0_TASK_PRIO100_VAR_NOINIT_BLOCK,
      block OS_STACK_OSTASK_APP_VAR_NOINIT_BLOCK,
      block OS_STACK_OSTASK_BSW_SCHM_VAR_NOINIT_BLOCK,
      section OS_STACKS_CORE0_NOINIT_LIMIT_SEC };
"INTERNAL_RAM__OS_STACKS_CORE0_NOINIT":
       place in [from 0x1fff'8000 to 0x2000'0000] {
          block OS_STACKS_CORE0_NOINIT };
define block OS_SystemApplication_OsCore0_VAR_FAST_NOCACHE_NOINIT_BLOCK
   with alignment = 8 {
      section .OS_SystemApplication_OsCore0_VAR_FAST_NOCACHE_NOINIT };
define block OS_SystemApplication_OsCore0_VAR_FAST_NOINIT_BLOCK
   with alignment = 8 { section .OS_SystemApplication_OsCore0_VAR_FAST_NOINIT };
define block OS_SystemApplication_OsCore0_VAR_NOCACHE_NOINIT_BLOCK
   with alignment = 8 {
      section .OS_SystemApplication_OsCore0_VAR_NOCACHE_NOINIT };
define block OS_SystemApplication_OsCore0_VAR_NOINIT_BLOCK
   with alignment = 8 { section .OS_SystemApplication_OsCore0_VAR_NOINIT };
define block OS_SystemApplication_OsCore0_NOINIT
   with fixed order, alignment = 4 {
      section OS_SystemApplication_OsCore0_NOINIT_START_SEC,
      block OS_SystemApplication_OsCore0_VAR_FAST_NOCACHE_NOINIT_BLOCK,
      block OS_SystemApplication_OsCore0_VAR_FAST_NOINIT_BLOCK,
      block OS_SystemApplication_OsCore0_VAR_NOCACHE_NOINIT_BLOCK,
      block OS_SystemApplication_OsCore0_VAR_NOINIT_BLOCK,
      section OS_SystemApplication_OsCore0_NOINIT_LIMIT_SEC };
"INTERNAL_RAM__OS_SystemApplication_OsCore0_NOINIT":
       place in [from 0x1fff'8000 to 0x2000'0000] {
          block OS_SystemApplication_OsCore0_NOINIT };
define block Startup_Code_Core0 with alignment = 8 { section .brsStartup };
define block Startup_Code
   with fixed order, alignment = 4 {
      section Startup_Code_START_SEC, block Startup_Code_Core0,
      section Startup_Code_LIMIT_SEC };
"PROGRAM_FLASH__Startup_Code":
       place in [from 0x500 to 0x8'0000] { block Startup_Code };
define block CSTACK with size = 2K, alignment = 8 { };
define block Startup_Stack
   with fixed order, alignment = 4 {
      section Startup_Stack_START_SEC, block CSTACK,
      section Startup_Stack_LIMIT_SEC };
"INTERNAL_RAM__Startup_Stack":
       place in [from 0x1fff'8000 to 0x2000'0000] { block Startup_Stack };
define block DEFAULT_CODE_BLOCK with alignment = 8 { section .text };
define block OS_Default_Init_Task_CODE_BLOCK
   with alignment = 8 { section .OS_Default_Init_Task_CODE };
define block OS_ERRORHOOK_CODE_BLOCK
   with alignment = 8 { section .OS_ERRORHOOK_CODE };
define block Code_Default
   with fixed order, alignment = 4 {
      section Code_Default_START_SEC, block DEFAULT_CODE_BLOCK,
      block OS_Default_Init_Task_CODE_BLOCK, block OS_ERRORHOOK_CODE_BLOCK,
      section Code_Default_LIMIT_SEC };
"PROGRAM_FLASH__Code_Default":
       place in [from 0x500 to 0x8'0000] { block Code_Default };
define block OS_Adc_Adc12bsarv2_EndGroupConvUnit0_CODE_BLOCK
   with alignment = 8 { section .OS_Adc_Adc12bsarv2_EndGroupConvUnit0_CODE };
define block OS_Adc_Adc12bsarv2_EndGroupConvUnit1_CODE_BLOCK
   with alignment = 8 { section .OS_Adc_Adc12bsarv2_EndGroupConvUnit1_CODE };
define block OS_Application_10ms_Task_CODE_BLOCK
   with alignment = 8 { section .OS_Application_10ms_Task_CODE };
define block OS_Application_2ms_Task_CODE_BLOCK
   with alignment = 8 { section .OS_Application_2ms_Task_CODE };
define block OS_Application_500ms_Task_CODE_BLOCK
   with alignment = 8 { section .OS_Application_500ms_Task_CODE };
define block OS_CODE_BLOCK with alignment = 8 { section .OS_CODE };
define block OS_CanBusOffIsr_0_CODE_BLOCK
   with alignment = 8 { section .OS_CanBusOffIsr_0_CODE };
define block OS_CanMailboxIsr_0_CODE_BLOCK
   with alignment = 8 { section .OS_CanMailboxIsr_0_CODE };
define block OS_Default_BSW_10ms_Task_CODE_BLOCK
   with alignment = 8 { section .OS_Default_BSW_10ms_Task_CODE };
define block OS_Default_BSW_20ms_Task_CODE_BLOCK
   with alignment = 8 { section .OS_Default_BSW_20ms_Task_CODE };
define block OS_Default_BSW_5ms_Task_CODE_BLOCK
   with alignment = 8 { section .OS_Default_BSW_5ms_Task_CODE };
define block OS_Default_BSW_ServiceDispatcher_CODE_BLOCK
   with alignment = 8 { section .OS_Default_BSW_ServiceDispatcher_CODE };
define block OS_FTM_0_CH_0_CH_1_ISR_CODE_BLOCK
   with alignment = 8 { section .OS_FTM_0_CH_0_CH_1_ISR_CODE };
define block OS_FTM_0_CH_2_CH_3_ISR_CODE_BLOCK
   with alignment = 8 { section .OS_FTM_0_CH_2_CH_3_ISR_CODE };
define block OS_ICU_PORT_CI_A_EXT_IRQ_ISR_CODE_BLOCK
   with alignment = 8 { section .OS_ICU_PORT_CI_A_EXT_IRQ_ISR_CODE };
define block OS_ICU_PORT_CI_B_EXT_IRQ_ISR_CODE_BLOCK
   with alignment = 8 { section .OS_ICU_PORT_CI_B_EXT_IRQ_ISR_CODE };
define block OS_OS_COREINITHOOK_CODE_BLOCK
   with alignment = 8 { section .OS_OS_COREINITHOOK_CODE };
define block OS_StartApplication_Appl_Init_Task_CODE_BLOCK
   with alignment = 8 { section .OS_StartApplication_Appl_Init_Task_CODE };
define block OS_StartApplication_NVM_Task_CODE_BLOCK
   with alignment = 8 { section .OS_StartApplication_NVM_Task_CODE };
define block OS_CODE
   with fixed order, alignment = 4 {
      section OS_CODE_START_SEC,
      block OS_Adc_Adc12bsarv2_EndGroupConvUnit0_CODE_BLOCK,
      block OS_Adc_Adc12bsarv2_EndGroupConvUnit1_CODE_BLOCK,
      block OS_Application_10ms_Task_CODE_BLOCK,
      block OS_Application_2ms_Task_CODE_BLOCK,
      block OS_Application_500ms_Task_CODE_BLOCK, block OS_CODE_BLOCK,
      block OS_CanBusOffIsr_0_CODE_BLOCK, block OS_CanMailboxIsr_0_CODE_BLOCK,
      block OS_Default_BSW_10ms_Task_CODE_BLOCK,
      block OS_Default_BSW_20ms_Task_CODE_BLOCK,
      block OS_Default_BSW_5ms_Task_CODE_BLOCK,
      block OS_Default_BSW_ServiceDispatcher_CODE_BLOCK,
      block OS_FTM_0_CH_0_CH_1_ISR_CODE_BLOCK,
      block OS_FTM_0_CH_2_CH_3_ISR_CODE_BLOCK,
      block OS_ICU_PORT_CI_A_EXT_IRQ_ISR_CODE_BLOCK,
      block OS_ICU_PORT_CI_B_EXT_IRQ_ISR_CODE_BLOCK,
      block OS_OS_COREINITHOOK_CODE_BLOCK,
      block OS_StartApplication_Appl_Init_Task_CODE_BLOCK,
      block OS_StartApplication_NVM_Task_CODE_BLOCK, section OS_CODE_LIMIT_SEC,
      section .mcal_text };
"PROGRAM_FLASH__OS_CODE":
       place in [from 0x500 to 0x8'0000] { block OS_CODE };
define block OS_CONST_BLOCK with alignment = 8 { section .OS_CONST };
define block OS_CONST_FAST_BLOCK with alignment = 8 { section .OS_CONST_FAST };
define block OS_CORE0_CONST_BLOCK
   with alignment = 8 { section .OS_CORE0_CONST };
define block OS_CORE0_CONST_FAST_BLOCK
   with alignment = 8 { section .OS_CORE0_CONST_FAST };
define block OS_GLOBALSHARED_CONST_BLOCK
   with alignment = 8 { section .OS_GLOBALSHARED_CONST };
define block OS_GLOBALSHARED_CONST_FAST_BLOCK
   with alignment = 8 { section .OS_GLOBALSHARED_CONST_FAST };
define block OS_INTVEC_CONST_BLOCK
   with alignment = 8 { section .OS_INTVEC_CONST };
define block OS_INTVEC_CONST_FAST_BLOCK
   with alignment = 8 { section .OS_INTVEC_CONST_FAST };
define block OS_SystemApplication_OsCore0_CONST_BLOCK
   with alignment = 8 { section .OS_SystemApplication_OsCore0_CONST };
define block OS_SystemApplication_OsCore0_CONST_FAST_BLOCK
   with alignment = 8 { section .OS_SystemApplication_OsCore0_CONST_FAST };
define block OS_CONST
   with fixed order, alignment = 4 {
      section OS_CONST_START_SEC, block OS_CONST_BLOCK,
      block OS_CONST_FAST_BLOCK, block OS_CORE0_CONST_BLOCK,
      block OS_CORE0_CONST_FAST_BLOCK, block OS_GLOBALSHARED_CONST_BLOCK,
      block OS_GLOBALSHARED_CONST_FAST_BLOCK, block OS_INTVEC_CONST_BLOCK,
      block OS_INTVEC_CONST_FAST_BLOCK,
      block OS_SystemApplication_OsCore0_CONST_BLOCK,
      block OS_SystemApplication_OsCore0_CONST_FAST_BLOCK,
      section OS_CONST_LIMIT_SEC, section .mcal_const,
      section .mcal_const_cfg };
"PROGRAM_FLASH__OS_CONST":
       place in [from 0x500 to 0x8'0000] { block OS_CONST };
define block OS_CORE0_VAR_FAST_NOCACHE_NOINIT_BLOCK
   with alignment = 8 { section .OS_CORE0_VAR_FAST_NOCACHE_NOINIT };
define block OS_CORE0_VAR_FAST_NOINIT_BLOCK
   with alignment = 8 { section .OS_CORE0_VAR_FAST_NOINIT };
define block OS_CORE0_VAR_NOCACHE_NOINIT_BLOCK
   with alignment = 8 { section .OS_CORE0_VAR_NOCACHE_NOINIT };
define block OS_CORE0_VAR_NOINIT_BLOCK
   with alignment = 8 { section .OS_CORE0_VAR_NOINIT };
define block OS_DATA_CORE0_NOINIT
   with fixed order, alignment = 4 {
      section OS_DATA_CORE0_NOINIT_START_SEC,
      block OS_CORE0_VAR_FAST_NOCACHE_NOINIT_BLOCK,
      block OS_CORE0_VAR_FAST_NOINIT_BLOCK,
      block OS_CORE0_VAR_NOCACHE_NOINIT_BLOCK, block OS_CORE0_VAR_NOINIT_BLOCK,
      section OS_DATA_CORE0_NOINIT_LIMIT_SEC };
"INTERNAL_RAM__OS_DATA_CORE0_NOINIT":
       place in [from 0x1fff'8000 to 0x2000'0000] {
          block OS_DATA_CORE0_NOINIT };
define block OS_BARRIER_CORE0_VAR_FAST_NOCACHE_NOINIT_BLOCK
   with alignment = 8 { section .OS_BARRIER_CORE0_VAR_FAST_NOCACHE_NOINIT };
define block OS_BARRIER_CORE0_VAR_FAST_NOINIT_BLOCK
   with alignment = 8 { section .OS_BARRIER_CORE0_VAR_FAST_NOINIT };
define block OS_BARRIER_CORE0_VAR_NOCACHE_NOINIT_BLOCK
   with alignment = 8 { section .OS_BARRIER_CORE0_VAR_NOCACHE_NOINIT };
define block OS_BARRIER_CORE0_VAR_NOINIT_BLOCK
   with alignment = 8 { section .OS_BARRIER_CORE0_VAR_NOINIT };
define block OS_CORESTATUS_CORE0_VAR_FAST_NOCACHE_NOINIT_BLOCK
   with alignment = 8 { section .OS_CORESTATUS_CORE0_VAR_FAST_NOCACHE_NOINIT };
define block OS_CORESTATUS_CORE0_VAR_FAST_NOINIT_BLOCK
   with alignment = 8 { section .OS_CORESTATUS_CORE0_VAR_FAST_NOINIT };
define block OS_CORESTATUS_CORE0_VAR_NOCACHE_NOINIT_BLOCK
   with alignment = 8 { section .OS_CORESTATUS_CORE0_VAR_NOCACHE_NOINIT };
define block OS_CORESTATUS_CORE0_VAR_NOINIT_BLOCK
   with alignment = 8 { section .OS_CORESTATUS_CORE0_VAR_NOINIT };
define block OS_GLOBALSHARED_VAR_FAST_NOCACHE_NOINIT_BLOCK
   with alignment = 8 { section .OS_GLOBALSHARED_VAR_FAST_NOCACHE_NOINIT };
define block OS_GLOBALSHARED_VAR_FAST_NOINIT_BLOCK
   with alignment = 8 { section .OS_GLOBALSHARED_VAR_FAST_NOINIT };
define block OS_GLOBALSHARED_VAR_NOCACHE_NOINIT_BLOCK
   with alignment = 8 { section .OS_GLOBALSHARED_VAR_NOCACHE_NOINIT };
define block OS_GLOBALSHARED_VAR_NOINIT_BLOCK
   with alignment = 8 { section .OS_GLOBALSHARED_VAR_NOINIT };
define block OS_PUBLIC_CORE0_VAR_FAST_NOCACHE_NOINIT_BLOCK
   with alignment = 8 { section .OS_PUBLIC_CORE0_VAR_FAST_NOCACHE_NOINIT };
define block OS_PUBLIC_CORE0_VAR_FAST_NOINIT_BLOCK
   with alignment = 8 { section .OS_PUBLIC_CORE0_VAR_FAST_NOINIT };
define block OS_PUBLIC_CORE0_VAR_NOCACHE_NOINIT_BLOCK
   with alignment = 8 { section .OS_PUBLIC_CORE0_VAR_NOCACHE_NOINIT };
define block OS_PUBLIC_CORE0_VAR_NOINIT_BLOCK
   with alignment = 8 { section .OS_PUBLIC_CORE0_VAR_NOINIT };
define block OS_VAR_FAST_NOCACHE_NOINIT_BLOCK
   with alignment = 8 { section .OS_VAR_FAST_NOCACHE_NOINIT };
define block OS_VAR_FAST_NOINIT_BLOCK
   with alignment = 8 { section .OS_VAR_FAST_NOINIT };
define block OS_VAR_NOCACHE_NOINIT_BLOCK
   with alignment = 8 { section .OS_VAR_NOCACHE_NOINIT };
define block OS_VAR_NOINIT_BLOCK with alignment = 8 { section .OS_VAR_NOINIT };
define block OS_DATA_SHARED_NOINIT
   with fixed order, alignment = 4 {
      section OS_DATA_SHARED_NOINIT_START_SEC,
      block OS_BARRIER_CORE0_VAR_FAST_NOCACHE_NOINIT_BLOCK,
      block OS_BARRIER_CORE0_VAR_FAST_NOINIT_BLOCK,
      block OS_BARRIER_CORE0_VAR_NOCACHE_NOINIT_BLOCK,
      block OS_BARRIER_CORE0_VAR_NOINIT_BLOCK,
      block OS_CORESTATUS_CORE0_VAR_FAST_NOCACHE_NOINIT_BLOCK,
      block OS_CORESTATUS_CORE0_VAR_FAST_NOINIT_BLOCK,
      block OS_CORESTATUS_CORE0_VAR_NOCACHE_NOINIT_BLOCK,
      block OS_CORESTATUS_CORE0_VAR_NOINIT_BLOCK,
      block OS_GLOBALSHARED_VAR_FAST_NOCACHE_NOINIT_BLOCK,
      block OS_GLOBALSHARED_VAR_FAST_NOINIT_BLOCK,
      block OS_GLOBALSHARED_VAR_NOCACHE_NOINIT_BLOCK,
      block OS_GLOBALSHARED_VAR_NOINIT_BLOCK,
      block OS_PUBLIC_CORE0_VAR_FAST_NOCACHE_NOINIT_BLOCK,
      block OS_PUBLIC_CORE0_VAR_FAST_NOINIT_BLOCK,
      block OS_PUBLIC_CORE0_VAR_NOCACHE_NOINIT_BLOCK,
      block OS_PUBLIC_CORE0_VAR_NOINIT_BLOCK,
      block OS_VAR_FAST_NOCACHE_NOINIT_BLOCK, block OS_VAR_FAST_NOINIT_BLOCK,
      block OS_VAR_NOCACHE_NOINIT_BLOCK, block OS_VAR_NOINIT_BLOCK,
      section OS_DATA_SHARED_NOINIT_LIMIT_SEC };
"INTERNAL_RAM__OS_DATA_SHARED_NOINIT":
       place in [from 0x1fff'8000 to 0x2000'0000] {
          block OS_DATA_SHARED_NOINIT };
define block OS_BARRIER_CORE0_VAR_BLOCK
   with alignment = 8 { section .OS_BARRIER_CORE0_VAR };
define block OS_BARRIER_CORE0_VAR_FAST_BLOCK
   with alignment = 8 { section .OS_BARRIER_CORE0_VAR_FAST };
define block OS_BARRIER_CORE0_VAR_FAST_NOCACHE_BLOCK
   with alignment = 8 { section .OS_BARRIER_CORE0_VAR_FAST_NOCACHE };
define block OS_BARRIER_CORE0_VAR_NOCACHE_BLOCK
   with alignment = 8 { section .OS_BARRIER_CORE0_VAR_NOCACHE };
define block OS_CORESTATUS_CORE0_VAR_BLOCK
   with alignment = 8 { section .OS_CORESTATUS_CORE0_VAR };
define block OS_CORESTATUS_CORE0_VAR_FAST_BLOCK
   with alignment = 8 { section .OS_CORESTATUS_CORE0_VAR_FAST };
define block OS_CORESTATUS_CORE0_VAR_FAST_NOCACHE_BLOCK
   with alignment = 8 { section .OS_CORESTATUS_CORE0_VAR_FAST_NOCACHE };
define block OS_CORESTATUS_CORE0_VAR_NOCACHE_BLOCK
   with alignment = 8 { section .OS_CORESTATUS_CORE0_VAR_NOCACHE };
define block OS_GLOBALSHARED_VAR_BLOCK
   with alignment = 8 { section .OS_GLOBALSHARED_VAR };
define block OS_GLOBALSHARED_VAR_FAST_BLOCK
   with alignment = 8 { section .OS_GLOBALSHARED_VAR_FAST };
define block OS_GLOBALSHARED_VAR_FAST_NOCACHE_BLOCK
   with alignment = 8 { section .OS_GLOBALSHARED_VAR_FAST_NOCACHE };
define block OS_GLOBALSHARED_VAR_NOCACHE_BLOCK
   with alignment = 8 { section .OS_GLOBALSHARED_VAR_NOCACHE };
define block OS_PUBLIC_CORE0_VAR_BLOCK
   with alignment = 8 { section .OS_PUBLIC_CORE0_VAR };
define block OS_PUBLIC_CORE0_VAR_FAST_BLOCK
   with alignment = 8 { section .OS_PUBLIC_CORE0_VAR_FAST };
define block OS_PUBLIC_CORE0_VAR_FAST_NOCACHE_BLOCK
   with alignment = 8 { section .OS_PUBLIC_CORE0_VAR_FAST_NOCACHE };
define block OS_PUBLIC_CORE0_VAR_NOCACHE_BLOCK
   with alignment = 8 { section .OS_PUBLIC_CORE0_VAR_NOCACHE };
define block OS_VAR_BLOCK with alignment = 8 { section .OS_VAR };
define block OS_VAR_FAST_BLOCK with alignment = 8 { section .OS_VAR_FAST };
define block OS_VAR_FAST_NOCACHE_BLOCK
   with alignment = 8 { section .OS_VAR_FAST_NOCACHE };
define block OS_VAR_NOCACHE_BLOCK
   with alignment = 8 { section .OS_VAR_NOCACHE };
define block OS_DATA_SHARED_INIT
   with fixed order, alignment = 4 {
      section OS_DATA_SHARED_INIT_START_SEC, block OS_BARRIER_CORE0_VAR_BLOCK,
      block OS_BARRIER_CORE0_VAR_FAST_BLOCK,
      block OS_BARRIER_CORE0_VAR_FAST_NOCACHE_BLOCK,
      block OS_BARRIER_CORE0_VAR_NOCACHE_BLOCK,
      block OS_CORESTATUS_CORE0_VAR_BLOCK,
      block OS_CORESTATUS_CORE0_VAR_FAST_BLOCK,
      block OS_CORESTATUS_CORE0_VAR_FAST_NOCACHE_BLOCK,
      block OS_CORESTATUS_CORE0_VAR_NOCACHE_BLOCK,
      block OS_GLOBALSHARED_VAR_BLOCK, block OS_GLOBALSHARED_VAR_FAST_BLOCK,
      block OS_GLOBALSHARED_VAR_FAST_NOCACHE_BLOCK,
      block OS_GLOBALSHARED_VAR_NOCACHE_BLOCK, block OS_PUBLIC_CORE0_VAR_BLOCK,
      block OS_PUBLIC_CORE0_VAR_FAST_BLOCK,
      block OS_PUBLIC_CORE0_VAR_FAST_NOCACHE_BLOCK,
      block OS_PUBLIC_CORE0_VAR_NOCACHE_BLOCK, block OS_VAR_BLOCK,
      block OS_VAR_FAST_BLOCK, block OS_VAR_FAST_NOCACHE_BLOCK,
      block OS_VAR_NOCACHE_BLOCK, section OS_DATA_SHARED_INIT_LIMIT_SEC };
"INTERNAL_RAM__OS_DATA_SHARED_INIT":
       place in [from 0x1fff'8000 to 0x2000'0000] { block OS_DATA_SHARED_INIT };
define block OS_BARRIER_CORE0_VAR_FAST_NOCACHE_ZERO_INIT_BLOCK
   with alignment = 8 { section .OS_BARRIER_CORE0_VAR_FAST_NOCACHE_ZERO_INIT };
define block OS_BARRIER_CORE0_VAR_FAST_ZERO_INIT_BLOCK
   with alignment = 8 { section .OS_BARRIER_CORE0_VAR_FAST_ZERO_INIT };
define block OS_BARRIER_CORE0_VAR_NOCACHE_ZERO_INIT_BLOCK
   with alignment = 8 { section .OS_BARRIER_CORE0_VAR_NOCACHE_ZERO_INIT };
define block OS_BARRIER_CORE0_VAR_ZERO_INIT_BLOCK
   with alignment = 8 { section .OS_BARRIER_CORE0_VAR_ZERO_INIT };
define block OS_CORESTATUS_CORE0_VAR_FAST_NOCACHE_ZERO_INIT_BLOCK
   with alignment = 8 {
      section .OS_CORESTATUS_CORE0_VAR_FAST_NOCACHE_ZERO_INIT };
define block OS_CORESTATUS_CORE0_VAR_FAST_ZERO_INIT_BLOCK
   with alignment = 8 { section .OS_CORESTATUS_CORE0_VAR_FAST_ZERO_INIT };
define block OS_CORESTATUS_CORE0_VAR_NOCACHE_ZERO_INIT_BLOCK
   with alignment = 8 { section .OS_CORESTATUS_CORE0_VAR_NOCACHE_ZERO_INIT };
define block OS_CORESTATUS_CORE0_VAR_ZERO_INIT_BLOCK
   with alignment = 8 { section .OS_CORESTATUS_CORE0_VAR_ZERO_INIT };
define block OS_GLOBALSHARED_VAR_FAST_NOCACHE_ZERO_INIT_BLOCK
   with alignment = 8 { section .OS_GLOBALSHARED_VAR_FAST_NOCACHE_ZERO_INIT };
define block OS_GLOBALSHARED_VAR_FAST_ZERO_INIT_BLOCK
   with alignment = 8 { section .OS_GLOBALSHARED_VAR_FAST_ZERO_INIT };
define block OS_GLOBALSHARED_VAR_NOCACHE_ZERO_INIT_BLOCK
   with alignment = 8 { section .OS_GLOBALSHARED_VAR_NOCACHE_ZERO_INIT };
define block OS_GLOBALSHARED_VAR_ZERO_INIT_BLOCK
   with alignment = 8 { section .OS_GLOBALSHARED_VAR_ZERO_INIT };
define block OS_PUBLIC_CORE0_VAR_FAST_NOCACHE_ZERO_INIT_BLOCK
   with alignment = 8 { section .OS_PUBLIC_CORE0_VAR_FAST_NOCACHE_ZERO_INIT };
define block OS_PUBLIC_CORE0_VAR_FAST_ZERO_INIT_BLOCK
   with alignment = 8 { section .OS_PUBLIC_CORE0_VAR_FAST_ZERO_INIT };
define block OS_PUBLIC_CORE0_VAR_NOCACHE_ZERO_INIT_BLOCK
   with alignment = 8 { section .OS_PUBLIC_CORE0_VAR_NOCACHE_ZERO_INIT };
define block OS_PUBLIC_CORE0_VAR_ZERO_INIT_BLOCK
   with alignment = 8 { section .OS_PUBLIC_CORE0_VAR_ZERO_INIT };
define block OS_VAR_FAST_NOCACHE_ZERO_INIT_BLOCK
   with alignment = 8 { section .OS_VAR_FAST_NOCACHE_ZERO_INIT };
define block OS_VAR_FAST_ZERO_INIT_BLOCK
   with alignment = 8 { section .OS_VAR_FAST_ZERO_INIT };
define block OS_VAR_NOCACHE_ZERO_INIT_BLOCK
   with alignment = 8 { section .OS_VAR_NOCACHE_ZERO_INIT };
define block OS_VAR_ZERO_INIT_BLOCK
   with alignment = 8 { section .OS_VAR_ZERO_INIT };
define block OS_DATA_SHARED_ZERO_INIT
   with fixed order, alignment = 4 {
      section OS_DATA_SHARED_ZERO_INIT_START_SEC,
      block OS_BARRIER_CORE0_VAR_FAST_NOCACHE_ZERO_INIT_BLOCK,
      block OS_BARRIER_CORE0_VAR_FAST_ZERO_INIT_BLOCK,
      block OS_BARRIER_CORE0_VAR_NOCACHE_ZERO_INIT_BLOCK,
      block OS_BARRIER_CORE0_VAR_ZERO_INIT_BLOCK,
      block OS_CORESTATUS_CORE0_VAR_FAST_NOCACHE_ZERO_INIT_BLOCK,
      block OS_CORESTATUS_CORE0_VAR_FAST_ZERO_INIT_BLOCK,
      block OS_CORESTATUS_CORE0_VAR_NOCACHE_ZERO_INIT_BLOCK,
      block OS_CORESTATUS_CORE0_VAR_ZERO_INIT_BLOCK,
      block OS_GLOBALSHARED_VAR_FAST_NOCACHE_ZERO_INIT_BLOCK,
      block OS_GLOBALSHARED_VAR_FAST_ZERO_INIT_BLOCK,
      block OS_GLOBALSHARED_VAR_NOCACHE_ZERO_INIT_BLOCK,
      block OS_GLOBALSHARED_VAR_ZERO_INIT_BLOCK,
      block OS_PUBLIC_CORE0_VAR_FAST_NOCACHE_ZERO_INIT_BLOCK,
      block OS_PUBLIC_CORE0_VAR_FAST_ZERO_INIT_BLOCK,
      block OS_PUBLIC_CORE0_VAR_NOCACHE_ZERO_INIT_BLOCK,
      block OS_PUBLIC_CORE0_VAR_ZERO_INIT_BLOCK,
      block OS_VAR_FAST_NOCACHE_ZERO_INIT_BLOCK,
      block OS_VAR_FAST_ZERO_INIT_BLOCK, block OS_VAR_NOCACHE_ZERO_INIT_BLOCK,
      block OS_VAR_ZERO_INIT_BLOCK, section OS_DATA_SHARED_ZERO_INIT_LIMIT_SEC,
      section .mcal_bss, section .mcal_data };
"INTERNAL_RAM__OS_DATA_SHARED_ZERO_INIT":
       place in [from 0x1fff'8000 to 0x2000'0000] {
          block OS_DATA_SHARED_ZERO_INIT };
define block DEFAULT_RODATA_BLOCK with alignment = 8 { section .rodata };
define block DEFAULT_INTVEC_BLOCK with alignment = 8 { section .intvec };
define block DEFAULT_INIT_TABLE_BLOCK
   with alignment = 8 { section .iar.init_table };
define block DEFAULT_DATA_ROM_INIT_BLOCK
   with alignment = 8 { section .data_init };
define block Const_Default
   with fixed order, alignment = 4 {
      section Const_Default_START_SEC, block DEFAULT_RODATA_BLOCK,
      block DEFAULT_INTVEC_BLOCK, block DEFAULT_INIT_TABLE_BLOCK,
      block DEFAULT_DATA_ROM_INIT_BLOCK, section Const_Default_LIMIT_SEC };
"PROGRAM_FLASH__Const_Default":
       place in [from 0x500 to 0x8'0000] { block Const_Default };
define block DEFAULT_BSS_BLOCK with alignment = 8 { section .bss };
define block DEFAULT_DATA_INIT_BLOCK with alignment = 8 { section .data };
define block Data_Default
   with fixed order, alignment = 4 {
      section Data_Default_START_SEC, block DEFAULT_BSS_BLOCK,
      block DEFAULT_DATA_INIT_BLOCK, section Data_Default_LIMIT_SEC };
"INTERNAL_RAM__Data_Default":
       place in [from 0x1fff'8000 to 0x2000'0000] { block Data_Default };
define block function_in_ram_BLOCK
   with alignment = 4 { section .function_in_ram };
define block Data_Default_INIT
   with fixed order, alignment = 4 {
      section Data_Default_INIT_START_SEC, block function_in_ram_BLOCK,
      section Data_Default_INIT_LIMIT_SEC };
"INTERNAL_RAM__Data_Default_INIT":
       place in [from 0x1fff'8000 to 0x2000'0000] { block Data_Default_INIT };
define block HEAP with size = 2K, alignment = 8 { };
define block Heap_Default
   with fixed order, alignment = 4 {
      section Heap_Default_START_SEC, block HEAP,
      section Heap_Default_LIMIT_SEC };
"INTERNAL_RAM__Heap_Default":
       place in [from 0x1fff'8000 to 0x2000'0000] { block Heap_Default };
do not initialize {
   section .OS_STACK_APPLICATION_10MS_TASK_VAR_NOINIT,
   section .OS_STACK_APPLICATION_500MS_TASK_VAR_NOINIT,
   section .OS_STACK_DEFAULT_BSW_10MS_TASK_VAR_NOINIT,
   section .OS_STACK_DEFAULT_BSW_20MS_TASK_VAR_NOINIT,
   section .OS_STACK_OSCORE0_ERROR_VAR_NOINIT,
   section .OS_STACK_OSCORE0_INIT_VAR_NOINIT,
   section .OS_STACK_OSCORE0_ISR_CORE_VAR_NOINIT,
   section .OS_STACK_OSCORE0_KERNEL_VAR_NOINIT,
   section .OS_STACK_OSCORE0_TASK_PRIO40_VAR_NOINIT,
   section .OS_STACK_OSCORE0_TASK_PRIO4294967295_VAR_NOINIT,
   section .OS_STACK_OSCORE0_TASK_PRIO45_VAR_NOINIT,
   section .OS_STACK_OSCORE0_TASK_PRIO50_VAR_NOINIT,
   section .OS_STACK_OSCORE0_TASK_PRIO5_VAR_NOINIT,
   section .OS_STACK_OSCORE0_TASK_PRIO60_VAR_NOINIT,
   section .OS_STACK_STARTAPPLICATION_NVM_TASK_VAR_NOINIT,
   section .OS_SystemApplication_OsCore0_VAR_FAST_NOCACHE_NOINIT,
   section .OS_SystemApplication_OsCore0_VAR_FAST_NOINIT,
   section .OS_SystemApplication_OsCore0_VAR_NOCACHE_NOINIT,
   section .OS_SystemApplication_OsCore0_VAR_NOINIT,
   section .OS_CORE0_VAR_FAST_NOCACHE_NOINIT,
   section .OS_CORE0_VAR_FAST_NOINIT, section .OS_CORE0_VAR_NOCACHE_NOINIT,
   section .OS_CORE0_VAR_NOINIT,
   section .OS_BARRIER_CORE0_VAR_FAST_NOCACHE_NOINIT,
   section .OS_BARRIER_CORE0_VAR_FAST_NOCACHE_ZERO_INIT,
   section .OS_BARRIER_CORE0_VAR_FAST_NOINIT,
   section .OS_BARRIER_CORE0_VAR_FAST_ZERO_INIT,
   section .OS_BARRIER_CORE0_VAR_NOCACHE_NOINIT,
   section .OS_BARRIER_CORE0_VAR_NOCACHE_ZERO_INIT,
   section .OS_BARRIER_CORE0_VAR_NOINIT,
   section .OS_BARRIER_CORE0_VAR_ZERO_INIT,
   section .OS_CORESTATUS_CORE0_VAR_FAST_NOCACHE_NOINIT,
   section .OS_CORESTATUS_CORE0_VAR_FAST_NOCACHE_ZERO_INIT,
   section .OS_CORESTATUS_CORE0_VAR_FAST_NOINIT,
   section .OS_CORESTATUS_CORE0_VAR_FAST_ZERO_INIT,
   section .OS_CORESTATUS_CORE0_VAR_NOCACHE_NOINIT,
   section .OS_CORESTATUS_CORE0_VAR_NOCACHE_ZERO_INIT,
   section .OS_CORESTATUS_CORE0_VAR_NOINIT,
   section .OS_CORESTATUS_CORE0_VAR_ZERO_INIT,
   section .OS_GLOBALSHARED_VAR_FAST_NOCACHE_NOINIT,
   section .OS_GLOBALSHARED_VAR_FAST_NOCACHE_ZERO_INIT,
   section .OS_GLOBALSHARED_VAR_FAST_NOINIT,
   section .OS_GLOBALSHARED_VAR_FAST_ZERO_INIT,
   section .OS_GLOBALSHARED_VAR_NOCACHE_NOINIT,
   section .OS_GLOBALSHARED_VAR_NOCACHE_ZERO_INIT,
   section .OS_GLOBALSHARED_VAR_NOINIT, section .OS_GLOBALSHARED_VAR_ZERO_INIT,
   section .OS_PUBLIC_CORE0_VAR_FAST_NOCACHE_NOINIT,
   section .OS_PUBLIC_CORE0_VAR_FAST_NOCACHE_ZERO_INIT,
   section .OS_PUBLIC_CORE0_VAR_FAST_NOINIT,
   section .OS_PUBLIC_CORE0_VAR_FAST_ZERO_INIT,
   section .OS_PUBLIC_CORE0_VAR_NOCACHE_NOINIT,
   section .OS_PUBLIC_CORE0_VAR_NOCACHE_ZERO_INIT,
   section .OS_PUBLIC_CORE0_VAR_NOINIT, section .OS_PUBLIC_CORE0_VAR_ZERO_INIT,
   section .OS_VAR_FAST_NOCACHE_NOINIT, section .OS_VAR_FAST_NOCACHE_ZERO_INIT,
   section .OS_VAR_FAST_NOINIT, section .OS_VAR_FAST_ZERO_INIT,
   section .OS_VAR_NOCACHE_NOINIT, section .OS_VAR_NOCACHE_ZERO_INIT,
   section .OS_VAR_NOINIT, section .OS_VAR_ZERO_INIT, section .bss, rw };
keep { section OS_EXCVEC_CORE0_CODE_START_SEC };
keep { section OS_EXCVEC_CORE0_CODE_LIMIT_SEC };
keep { section OS_EXCVEC_CORE0_CONST_START_SEC };
keep { section OS_EXCVEC_CORE0_CONST_LIMIT_SEC };
keep { section OS_INTVEC_CODE_START_SEC };
keep { section OS_INTVEC_CODE_LIMIT_SEC };
keep { section OS_INTVEC_CORE0_CODE_START_SEC };
keep { section OS_INTVEC_CORE0_CODE_LIMIT_SEC };
keep { section OS_INTVEC_CORE0_CONST_START_SEC };
keep { section OS_INTVEC_CORE0_CONST_LIMIT_SEC };
keep { section OS_STACKS_CORE0_NOINIT_START_SEC };
keep { section OS_STACKS_CORE0_NOINIT_LIMIT_SEC };
keep { section OS_SystemApplication_OsCore0_NOINIT_START_SEC };
keep { section OS_SystemApplication_OsCore0_NOINIT_LIMIT_SEC };
keep { section Startup_Code_START_SEC };
keep { section Startup_Code_LIMIT_SEC };
keep { section Startup_Stack_START_SEC };
keep { section Startup_Stack_LIMIT_SEC };
keep { section Code_Default_START_SEC };
keep { section Code_Default_LIMIT_SEC };
keep { section OS_CODE_START_SEC };
keep { section OS_CODE_LIMIT_SEC };
keep { section OS_CONST_START_SEC };
keep { section OS_CONST_LIMIT_SEC };
keep { section OS_DATA_CORE0_NOINIT_START_SEC };
keep { section OS_DATA_CORE0_NOINIT_LIMIT_SEC };
keep { section OS_DATA_SHARED_NOINIT_START_SEC };
keep { section OS_DATA_SHARED_NOINIT_LIMIT_SEC };
keep { section OS_DATA_SHARED_INIT_START_SEC };
keep { section OS_DATA_SHARED_INIT_LIMIT_SEC };
keep { section OS_DATA_SHARED_ZERO_INIT_START_SEC };
keep { section OS_DATA_SHARED_ZERO_INIT_LIMIT_SEC };
keep { section Const_Default_START_SEC };
keep { section Const_Default_LIMIT_SEC };
keep { section Data_Default_START_SEC };
keep { section Data_Default_LIMIT_SEC };
keep { section Data_Default_INIT_START_SEC };
keep { section Data_Default_INIT_LIMIT_SEC };
keep { section Heap_Default_START_SEC };
keep { section Heap_Default_LIMIT_SEC };

No sections matched the following patterns:

  section .APPLHEADER                                            in "P4"
  section .APPLVECT                                              in "P3"
  section .BMHDRHEADER                                           in "P5"
  section .CAL_DATA_SEC                                          in "P2"
  section .OS_Adc_Adc12bsarv2_EndGroupConvUnit0_CODE             in block OS_Adc_Adc12bsarv2_EndGroupConvUnit0_CODE_BLOCK
  section .OS_Adc_Adc12bsarv2_EndGroupConvUnit1_CODE             in block OS_Adc_Adc12bsarv2_EndGroupConvUnit1_CODE_BLOCK
  section .OS_Application_10ms_Task_CODE                         in block OS_Application_10ms_Task_CODE_BLOCK
  section .OS_Application_2ms_Task_CODE                          in block OS_Application_2ms_Task_CODE_BLOCK
  section .OS_Application_500ms_Task_CODE                        in block OS_Application_500ms_Task_CODE_BLOCK
  section .OS_BARRIER_CORE0_VAR                                  in block OS_BARRIER_CORE0_VAR_BLOCK
  section .OS_BARRIER_CORE0_VAR_FAST                             in block OS_BARRIER_CORE0_VAR_FAST_BLOCK
  section .OS_BARRIER_CORE0_VAR_FAST_NOCACHE                     in block OS_BARRIER_CORE0_VAR_FAST_NOCACHE_BLOCK
  section .OS_BARRIER_CORE0_VAR_FAST_NOCACHE_NOINIT              in block OS_BARRIER_CORE0_VAR_FAST_NOCACHE_NOINIT_BLOCK
  section .OS_BARRIER_CORE0_VAR_FAST_NOCACHE_ZERO_INIT           in block OS_BARRIER_CORE0_VAR_FAST_NOCACHE_ZERO_INIT_BLOCK
  section .OS_BARRIER_CORE0_VAR_FAST_NOCACHE_init                in block OS_BARRIER_CORE0_VAR_FAST_NOCACHE_init_BLOCK
  section .OS_BARRIER_CORE0_VAR_FAST_NOINIT                      in block OS_BARRIER_CORE0_VAR_FAST_NOINIT_BLOCK
  section .OS_BARRIER_CORE0_VAR_FAST_ZERO_INIT                   in block OS_BARRIER_CORE0_VAR_FAST_ZERO_INIT_BLOCK
  section .OS_BARRIER_CORE0_VAR_FAST_init                        in block OS_BARRIER_CORE0_VAR_FAST_init_BLOCK
  section .OS_BARRIER_CORE0_VAR_NOCACHE                          in block OS_BARRIER_CORE0_VAR_NOCACHE_BLOCK
  section .OS_BARRIER_CORE0_VAR_NOCACHE_ZERO_INIT                in block OS_BARRIER_CORE0_VAR_NOCACHE_ZERO_INIT_BLOCK
  section .OS_BARRIER_CORE0_VAR_NOCACHE_init                     in block OS_BARRIER_CORE0_VAR_NOCACHE_init_BLOCK
  section .OS_BARRIER_CORE0_VAR_NOINIT                           in block OS_BARRIER_CORE0_VAR_NOINIT_BLOCK
  section .OS_BARRIER_CORE0_VAR_ZERO_INIT                        in block OS_BARRIER_CORE0_VAR_ZERO_INIT_BLOCK
  section .OS_BARRIER_CORE0_VAR_init                             in block OS_BARRIER_CORE0_VAR_init_BLOCK
  section .OS_CONST_FAST                                         in block OS_CONST_FAST_BLOCK
  section .OS_CORE0_CONST_FAST                                   in block OS_CORE0_CONST_FAST_BLOCK
  section .OS_CORE0_VAR_FAST_NOCACHE_NOINIT                      in block OS_CORE0_VAR_FAST_NOCACHE_NOINIT_BLOCK
  section .OS_CORE0_VAR_NOCACHE_NOINIT                           in block OS_CORE0_VAR_NOCACHE_NOINIT_BLOCK
  section .OS_CORESTATUS_CORE0_VAR                               in block OS_CORESTATUS_CORE0_VAR_BLOCK
  section .OS_CORESTATUS_CORE0_VAR_FAST                          in block OS_CORESTATUS_CORE0_VAR_FAST_BLOCK
  section .OS_CORESTATUS_CORE0_VAR_FAST_NOCACHE                  in block OS_CORESTATUS_CORE0_VAR_FAST_NOCACHE_BLOCK
  section .OS_CORESTATUS_CORE0_VAR_FAST_NOCACHE_NOINIT           in block OS_CORESTATUS_CORE0_VAR_FAST_NOCACHE_NOINIT_BLOCK
  section .OS_CORESTATUS_CORE0_VAR_FAST_NOCACHE_ZERO_INIT        in block OS_CORESTATUS_CORE0_VAR_FAST_NOCACHE_ZERO_INIT_BLOCK
  section .OS_CORESTATUS_CORE0_VAR_FAST_NOCACHE_init             in block OS_CORESTATUS_CORE0_VAR_FAST_NOCACHE_init_BLOCK
  section .OS_CORESTATUS_CORE0_VAR_FAST_NOINIT                   in block OS_CORESTATUS_CORE0_VAR_FAST_NOINIT_BLOCK
  section .OS_CORESTATUS_CORE0_VAR_FAST_ZERO_INIT                in block OS_CORESTATUS_CORE0_VAR_FAST_ZERO_INIT_BLOCK
  section .OS_CORESTATUS_CORE0_VAR_FAST_init                     in block OS_CORESTATUS_CORE0_VAR_FAST_init_BLOCK
  section .OS_CORESTATUS_CORE0_VAR_NOCACHE                       in block OS_CORESTATUS_CORE0_VAR_NOCACHE_BLOCK
  section .OS_CORESTATUS_CORE0_VAR_NOCACHE_ZERO_INIT             in block OS_CORESTATUS_CORE0_VAR_NOCACHE_ZERO_INIT_BLOCK
  section .OS_CORESTATUS_CORE0_VAR_NOCACHE_init                  in block OS_CORESTATUS_CORE0_VAR_NOCACHE_init_BLOCK
  section .OS_CORESTATUS_CORE0_VAR_NOINIT                        in block OS_CORESTATUS_CORE0_VAR_NOINIT_BLOCK
  section .OS_CORESTATUS_CORE0_VAR_ZERO_INIT                     in block OS_CORESTATUS_CORE0_VAR_ZERO_INIT_BLOCK
  section .OS_CORESTATUS_CORE0_VAR_init                          in block OS_CORESTATUS_CORE0_VAR_init_BLOCK
  section .OS_CanBusOffIsr_0_CODE                                in block OS_CanBusOffIsr_0_CODE_BLOCK
  section .OS_CanMailboxIsr_0_CODE                               in block OS_CanMailboxIsr_0_CODE_BLOCK
  section .OS_Default_BSW_10ms_Task_CODE                         in block OS_Default_BSW_10ms_Task_CODE_BLOCK
  section .OS_Default_BSW_20ms_Task_CODE                         in block OS_Default_BSW_20ms_Task_CODE_BLOCK
  section .OS_Default_BSW_5ms_Task_CODE                          in block OS_Default_BSW_5ms_Task_CODE_BLOCK
  section .OS_Default_BSW_ServiceDispatcher_CODE                 in block OS_Default_BSW_ServiceDispatcher_CODE_BLOCK
  section .OS_Default_Init_Task_CODE                             in block OS_Default_Init_Task_CODE_BLOCK
  section .OS_ERRORHOOK_CODE                                     in block OS_ERRORHOOK_CODE_BLOCK
  section .OS_EXCVEC_CORE0_CODE                                  in block OS_EXCVEC_CORE0_CODE_BLOCK
  section .OS_EXCVEC_CORE0_CONST                                 in block OS_EXCVEC_CORE0_CONST_BLOCK
  section .OS_EXCVEC_CORE0_CONST_FAST                            in block OS_EXCVEC_CORE0_CONST_FAST_BLOCK
  section .OS_FTM_0_CH_0_CH_1_ISR_CODE                           in block OS_FTM_0_CH_0_CH_1_ISR_CODE_BLOCK
  section .OS_FTM_0_CH_2_CH_3_ISR_CODE                           in block OS_FTM_0_CH_2_CH_3_ISR_CODE_BLOCK
  section .OS_GLOBALSHARED_CONST                                 in block OS_GLOBALSHARED_CONST_BLOCK
  section .OS_GLOBALSHARED_CONST_FAST                            in block OS_GLOBALSHARED_CONST_FAST_BLOCK
  section .OS_GLOBALSHARED_VAR                                   in block OS_GLOBALSHARED_VAR_BLOCK
  section .OS_GLOBALSHARED_VAR_FAST                              in block OS_GLOBALSHARED_VAR_FAST_BLOCK
  section .OS_GLOBALSHARED_VAR_FAST_NOCACHE                      in block OS_GLOBALSHARED_VAR_FAST_NOCACHE_BLOCK
  section .OS_GLOBALSHARED_VAR_FAST_NOCACHE_NOINIT               in block OS_GLOBALSHARED_VAR_FAST_NOCACHE_NOINIT_BLOCK
  section .OS_GLOBALSHARED_VAR_FAST_NOCACHE_ZERO_INIT            in block OS_GLOBALSHARED_VAR_FAST_NOCACHE_ZERO_INIT_BLOCK
  section .OS_GLOBALSHARED_VAR_FAST_NOCACHE_init                 in block OS_GLOBALSHARED_VAR_FAST_NOCACHE_init_BLOCK
  section .OS_GLOBALSHARED_VAR_FAST_NOINIT                       in block OS_GLOBALSHARED_VAR_FAST_NOINIT_BLOCK
  section .OS_GLOBALSHARED_VAR_FAST_ZERO_INIT                    in block OS_GLOBALSHARED_VAR_FAST_ZERO_INIT_BLOCK
  section .OS_GLOBALSHARED_VAR_FAST_init                         in block OS_GLOBALSHARED_VAR_FAST_init_BLOCK
  section .OS_GLOBALSHARED_VAR_NOCACHE                           in block OS_GLOBALSHARED_VAR_NOCACHE_BLOCK
  section .OS_GLOBALSHARED_VAR_NOCACHE_NOINIT                    in block OS_GLOBALSHARED_VAR_NOCACHE_NOINIT_BLOCK
  section .OS_GLOBALSHARED_VAR_NOCACHE_ZERO_INIT                 in block OS_GLOBALSHARED_VAR_NOCACHE_ZERO_INIT_BLOCK
  section .OS_GLOBALSHARED_VAR_NOCACHE_init                      in block OS_GLOBALSHARED_VAR_NOCACHE_init_BLOCK
  section .OS_GLOBALSHARED_VAR_NOINIT                            in block OS_GLOBALSHARED_VAR_NOINIT_BLOCK
  section .OS_GLOBALSHARED_VAR_ZERO_INIT                         in block OS_GLOBALSHARED_VAR_ZERO_INIT_BLOCK
  section .OS_GLOBALSHARED_VAR_init                              in block OS_GLOBALSHARED_VAR_init_BLOCK
  section .OS_ICU_PORT_CI_A_EXT_IRQ_ISR_CODE                     in block OS_ICU_PORT_CI_A_EXT_IRQ_ISR_CODE_BLOCK
  section .OS_ICU_PORT_CI_B_EXT_IRQ_ISR_CODE                     in block OS_ICU_PORT_CI_B_EXT_IRQ_ISR_CODE_BLOCK
  section .OS_INTVEC_CODE                                        in block OS_INTVEC_CODE_BLOCK
  section .OS_INTVEC_CONST                                       in block OS_INTVEC_CONST_BLOCK
  section .OS_INTVEC_CONST_FAST                                  in block OS_INTVEC_CONST_FAST_BLOCK
  section .OS_INTVEC_CORE0_CONST_FAST                            in block OS_INTVEC_CORE0_CONST_FAST_BLOCK
  section .OS_OS_COREINITHOOK_CODE                               in block OS_OS_COREINITHOOK_CODE_BLOCK
  section .OS_PUBLIC_CORE0_VAR                                   in block OS_PUBLIC_CORE0_VAR_BLOCK
  section .OS_PUBLIC_CORE0_VAR_FAST                              in block OS_PUBLIC_CORE0_VAR_FAST_BLOCK
  section .OS_PUBLIC_CORE0_VAR_FAST_NOCACHE                      in block OS_PUBLIC_CORE0_VAR_FAST_NOCACHE_BLOCK
  section .OS_PUBLIC_CORE0_VAR_FAST_NOCACHE_NOINIT               in block OS_PUBLIC_CORE0_VAR_FAST_NOCACHE_NOINIT_BLOCK
  section .OS_PUBLIC_CORE0_VAR_FAST_NOCACHE_ZERO_INIT            in block OS_PUBLIC_CORE0_VAR_FAST_NOCACHE_ZERO_INIT_BLOCK
  section .OS_PUBLIC_CORE0_VAR_FAST_NOCACHE_init                 in block OS_PUBLIC_CORE0_VAR_FAST_NOCACHE_init_BLOCK
  section .OS_PUBLIC_CORE0_VAR_FAST_NOINIT                       in block OS_PUBLIC_CORE0_VAR_FAST_NOINIT_BLOCK
  section .OS_PUBLIC_CORE0_VAR_FAST_ZERO_INIT                    in block OS_PUBLIC_CORE0_VAR_FAST_ZERO_INIT_BLOCK
  section .OS_PUBLIC_CORE0_VAR_FAST_init                         in block OS_PUBLIC_CORE0_VAR_FAST_init_BLOCK
  section .OS_PUBLIC_CORE0_VAR_NOCACHE                           in block OS_PUBLIC_CORE0_VAR_NOCACHE_BLOCK
  section .OS_PUBLIC_CORE0_VAR_NOCACHE_NOINIT                    in block OS_PUBLIC_CORE0_VAR_NOCACHE_NOINIT_BLOCK
  section .OS_PUBLIC_CORE0_VAR_NOCACHE_ZERO_INIT                 in block OS_PUBLIC_CORE0_VAR_NOCACHE_ZERO_INIT_BLOCK
  section .OS_PUBLIC_CORE0_VAR_NOCACHE_init                      in block OS_PUBLIC_CORE0_VAR_NOCACHE_init_BLOCK
  section .OS_PUBLIC_CORE0_VAR_NOINIT                            in block OS_PUBLIC_CORE0_VAR_NOINIT_BLOCK
  section .OS_PUBLIC_CORE0_VAR_ZERO_INIT                         in block OS_PUBLIC_CORE0_VAR_ZERO_INIT_BLOCK
  section .OS_PUBLIC_CORE0_VAR_init                              in block OS_PUBLIC_CORE0_VAR_init_BLOCK
  section .OS_STACK_DEFAULT_APPL_TASK_VAR_NOINIT                 in block OS_STACK_DEFAULT_APPL_TASK_VAR_NOINIT_BLOCK
  section .OS_STACK_DEFAULT_BSW_ASYNC_TASK_VAR_NOINIT            in block OS_STACK_DEFAULT_BSW_ASYNC_TASK_VAR_NOINIT_BLOCK
  section .OS_STACK_OSCORE0_PROTECTION_VAR_NOINIT                in block OS_STACK_OSCORE0_PROTECTION_VAR_NOINIT_BLOCK
  section .OS_STACK_OSCORE0_TASK_PRIO10_VAR_NOINIT               in block OS_STACK_OSCORE0_TASK_PRIO10_VAR_NOINIT_BLOCK
  section .OS_STACK_OSCORE0_TASK_PRIO30_VAR_NOINIT               in block OS_STACK_OSCORE0_TASK_PRIO30_VAR_NOINIT_BLOCK
  section .OS_STACK_OSCORE0_TASK_PRIO40_VAR_NOINIT               in block OS_STACK_OSCORE0_TASK_PRIO40_VAR_NOINIT_BLOCK
  section .OS_STACK_OSCORE0_TASK_PRIO45_VAR_NOINIT               in block OS_STACK_OSCORE0_TASK_PRIO45_VAR_NOINIT_BLOCK
  section .OS_STACK_OSCORE0_TASK_PRIO50_VAR_NOINIT               in block OS_STACK_OSCORE0_TASK_PRIO50_VAR_NOINIT_BLOCK
  section .OS_STACK_OSCORE0_TASK_PRIO5_VAR_NOINIT                in block OS_STACK_OSCORE0_TASK_PRIO5_VAR_NOINIT_BLOCK
  section .OS_StartApplication_Appl_Init_Task_CODE               in block OS_StartApplication_Appl_Init_Task_CODE_BLOCK
  section .OS_StartApplication_NVM_Task_CODE                     in block OS_StartApplication_NVM_Task_CODE_BLOCK
[...]
SchM_Enter_ComM_COMM_EXCLUSIVE_AREA_1
                              0x6c9    0x2  Code  Gb  BrsAsrMain.o [1]
SchM_Exit_CanIf_CANIF_EXCLUSIVE_AREA_0
                              0x6a7   0x18  Code  Gb  BrsAsrMain.o [1]
SchM_Exit_CanSM_CANSM_EXCLUSIVE_AREA_1
                              0x6c7    0x2  Code  Gb  BrsAsrMain.o [1]
SchM_Exit_Can_CAN_EXCLUSIVE_AREA_6
                              0x677   0x18  Code  Gb  BrsAsrMain.o [1]
SchM_Exit_ComM_COMM_EXCLUSIVE_AREA_1
                              0x6cb    0x2  Code  Gb  BrsAsrMain.o [1]
SchM_Init                    0x26bd   0x28  Code  Gb  Rte.o [2]
SetRelAlarm                0x1'd791   0x5e  Code  Gb  Os_Trap.o [17]
ShutdownOS                 0x1'd3c9   0x38  Code  Gb  Os_Trap.o [17]
SpiAttributesConfig_PB0
                           0x2'9c70    0x8  Data  Lc  Spi_PBcfg.o [3]
SpiChannelConfig_PB0       0x2'9c0c    0xc  Data  Lc  Spi_PBcfg.o [3]
SpiJobConfig_PB0           0x2'9c18   0x30  Data  Lc  Spi_PBcfg.o [3]
SpiJob_0_ChannelAssignment_PB
                           0x2'9cd0    0x1  Data  Lc  Spi_PBcfg.o [3]
SpiSequenceConfig_PB0      0x2'9c48   0x10  Data  Lc  Spi_PBcfg.o [3]
SpiSequence_0_SBC_JobAssignment_PB
                           0x2'9cc2    0x2  Data  Lc  Spi_PBcfg.o [3]
Spi_Init                   0x1'113d   0xf2  Code  Gb  Spi.o [24]
Spi_LPspi_DeInit           0x1'2adf   0x32  Code  Gb  Spi_LPspi.o [24]
Spi_LPspi_Init             0x1'2a05   0xda  Code  Gb  Spi_LPspi.o [24]
Spi_LPspi_SyncTransmit     0x1'2b11  0x118  Code  Gb  Spi_LPspi.o [24]
Spi_LPspi_SyncTransmitJob
                           0x1'2c29  0x176  Code  Lc  Spi_LPspi.o [24]
Spi_LPspi_SyncTransmitRX
                           0x1'2e0d  0x112  Code  Lc  Spi_LPspi.o [24]
Spi_LPspi_SyncTransmitState
                        0x1fff'bb00   0x2c  Data  Lc  Spi_LPspi.o [24]
Spi_LPspi_SyncTransmitTX
                           0x1'2d9f   0x6e  Code  Lc  Spi_LPspi.o [24]
Spi_LPspi_aDeviceState  0x1fff'bb30   0x38  Data  Gb  Spi_LPspi.o [24]
Spi_LPspi_au32BaseAddrs
                           0x2'9bd8   0x34  Data  Gb  Spi_LPspi.o [24]
Spi_LPspi_u32ReadDiscard
                        0x1fff'bb2c    0x4  Data  Lc  Spi_LPspi.o [24]
Spi_PBCfgVariantPredefined
                           0x2'9c80   0x1c  Data  Gb  Spi_PBcfg.o [3]
Spi_SetupEB                0x1'122f  0x106  Code  Gb  Spi.o [24]
Spi_SyncTransmit           0x1'1335  0x188  Code  Gb  Spi.o [24]
Spi_aSpiChannelState    0x1fff'baf4    0x4  Data  Gb  Spi.o [24]
Spi_aSpiHWUnitQueueArray
                        0x1fff'bbc9    0x1  Data  Lc  Spi.o [24]
Spi_aSpiJobState        0x1fff'bbcb    0x1  Data  Gb  Spi.o [24]
Spi_aSpiSequenceState   0x1fff'bbca    0x1  Data  Gb  Spi.o [24]
Spi_au32SpiSeqUsedHWUnits
                        0x1fff'baf8    0x4  Data  Lc  Spi.o [24]
Spi_pcSpiConfigPtr      0x1fff'baf0    0x4  Data  Gb  Spi.o [24]
Spi_u32SpiBusySyncHWUnitsStatus
                        0x1fff'bafc    0x4  Data  Lc  Spi.o [24]
StartOS                    0x1'd3bf    0xa  Code  Gb  Os_Trap.o [17]
Startup_Code$$Base            0x628          --   Gb  - Linker created -
Startup_Code$$Limit           0x628          --   Gb  - Linker created -
Startup_Stack$$Base     0x1fff'a800          --   Gb  - Linker created -
Startup_Stack$$Limit    0x1fff'b000          --   Gb  - Linker created -
SuspendAllInterrupts       0x1'd401   0x2e  Code  Gb  Os_Trap.o [17]
SuspendOSInterrupts        0x1'd45d   0x2e  Code  Gb  Os_Trap.o [17]
SysTick_Handler            0x1'35cf         Code  Wk  startup_S32K148.o [20]
SystemInit                 0x1'34a9   0x2e  Code  Gb  system_S32K148.o [20]
TerminateTask              0x1'd55b   0x3c  Code  Gb  Os_Trap.o [17]
UsageFault_Handler         0x1'352f         Code  Wk  startup_S32K148.o [20]
VStdLib_Loc_MemCpy_32_Aligned
                           0x1'1e19   0x84  Code  Lc  vstdlib.o [19]
VStdLib_Loc_MemCpy_32_Unaligned
                           0x1'1ee1  0x204  Code  Lc  vstdlib.o [19]
VStdLib_Loc_MemCpy_8_3     0x1'1d1d   0x1c  Code  Lc  vstdlib.o [19]
VStdLib_Loc_MemCpy_8_31
                           0x1'1d39   0xe0  Code  Lc  vstdlib.o [19]
VStdLib_Loc_MemCpy_8_PartialWord
                           0x1'1e9d   0x44  Code  Lc  vstdlib.o [19]
VStdLib_Loc_MemSet_32_Aligned
                           0x1'1ca1   0x7c  Code  Lc  vstdlib.o [19]
VStdLib_Loc_MemSet_8_3     0x1'1be9   0x16  Code  Lc  vstdlib.o [19]
VStdLib_Loc_MemSet_8_31
                           0x1'1bff   0xa2  Code  Lc  vstdlib.o [19]
VStdLib_MemCpy             0x1'212f   0x5e  Code  Gb  vstdlib.o [19]
VStdLib_MemSet             0x1'20e5   0x4a  Code  Gb  vstdlib.o [19]
WDOG_EWM_IRQHandler        0x1'35d1         Code  Wk  startup_S32K148.o [20]
WaitEvent                  0x1'd64f   0x4c  Code  Gb  Os_Trap.o [17]
_Code_Default_LIMIT        0x1'35d4         Data  Gb  <internal module>
_Code_Default_START           0x628         Data  Gb  <internal module>
_Const_Default_LIMIT       0x2'a0d8         Data  Gb  <internal module>
_Const_Default_START       0x2'9094         Data  Gb  <internal module>
_Data_Default_INIT_LIMIT
                        0x1fff'bbcc         Data  Gb  <internal module>
_Data_Default_INIT_START
                        0x1fff'bbcc         Data  Gb  <internal module>
_Data_Default_LIMIT     0x1fff'bbcc         Data  Gb  <internal module>
_Data_Default_START     0x1fff'b6fc         Data  Gb  <internal module>
_Data_Default_VAR_ALL_LIMIT
                        0x1fff'bbcc         Data  Gb  <internal module>
_Data_Default_VAR_ALL_START
                        0x1fff'b6fc         Data  Gb  <internal module>
_Heap_Default_LIMIT     0x1fff'bbcc         Data  Gb  <internal module>
_Heap_Default_START     0x1fff'bbcc         Data  Gb  <internal module>
_Heap_Default_VAR_ALL_LIMIT
                        0x1fff'bbcc         Data  Gb  <internal module>
_Heap_Default_VAR_ALL_START
                        0x1fff'bbcc         Data  Gb  <internal module>
_OS_CODE_LIMIT             0x2'8784         Data  Gb  <internal module>
_OS_CODE_START             0x1'35d4         Data  Gb  <internal module>
_OS_CONST_LIMIT            0x2'9094         Data  Gb  <internal module>
_OS_CONST_START            0x2'8784         Data  Gb  <internal module>
_OS_DATA_CORE0_NOINIT_LIMIT
                        0x1fff'b6d9         Data  Gb  <internal module>
_OS_DATA_CORE0_NOINIT_START
                        0x1fff'b000         Data  Gb  <internal module>
_OS_DATA_CORE0_VAR_ALL_LIMIT
                        0x1fff'b6d9         Data  Gb  <internal module>
_OS_DATA_CORE0_VAR_ALL_START
                        0x1fff'b000         Data  Gb  <internal module>
_OS_DATA_SHARED_INIT_LIMIT
                        0x1fff'b6fc         Data  Gb  <internal module>
_OS_DATA_SHARED_INIT_START
                        0x1fff'b6fc         Data  Gb  <internal module>
_OS_DATA_SHARED_NOINIT_LIMIT
                        0x1fff'b6fc         Data  Gb  <internal module>
_OS_DATA_SHARED_NOINIT_START
                        0x1fff'b6dc         Data  Gb  <internal module>
_OS_DATA_SHARED_VAR_ALL_LIMIT
                        0x1fff'b6fc         Data  Gb  <internal module>
_OS_DATA_SHARED_VAR_ALL_START
                        0x1fff'b6dc         Data  Gb  <internal module>
_OS_DATA_SHARED_ZERO_INIT_LIMIT
                        0x1fff'b6fc         Data  Gb  <internal module>
_OS_DATA_SHARED_ZERO_INIT_START
                        0x1fff'b6fc         Data  Gb  <internal module>
_OS_EXCVEC_CORE0_CODE_LIMIT
                              0x500         Data  Gb  <internal module>
_OS_EXCVEC_CORE0_CODE_START
                              0x500         Data  Gb  <internal module>
_OS_EXCVEC_CORE0_CONST_LIMIT
                                0x0         Data  Gb  <internal module>
_OS_EXCVEC_CORE0_CONST_START
                                0x0         Data  Gb  <internal module>
_OS_INTVEC_CODE_LIMIT         0x500         Data  Gb  <internal module>
_OS_INTVEC_CODE_START         0x500         Data  Gb  <internal module>
_OS_INTVEC_CORE0_CODE_LIMIT
                              0x628         Data  Gb  <internal module>
_OS_INTVEC_CORE0_CODE_START
                              0x500         Data  Gb  <internal module>
_OS_INTVEC_CORE0_CONST_LIMIT
                              0x3c0         Data  Gb  <internal module>
_OS_INTVEC_CORE0_CONST_START
                                0x0         Data  Gb  <internal module>
_OS_STACKS_CORE0_NOINIT_LIMIT
                        0x1fff'a800         Data  Gb  <internal module>
_OS_STACKS_CORE0_NOINIT_START
                        0x1fff'8000         Data  Gb  <internal module>
_OS_STACKS_CORE0_VAR_ALL_LIMIT
                        0x1fff'a800         Data  Gb  <internal module>
_OS_STACKS_CORE0_VAR_ALL_START
                        0x1fff'8000         Data  Gb  <internal module>
_OS_SystemApplication_OsCore0_NOINIT_LIMIT
                        0x1fff'a800         Data  Gb  <internal module>
_OS_SystemApplication_OsCore0_NOINIT_START
                        0x1fff'a800         Data  Gb  <internal module>
_OS_SystemApplication_OsCore0_VAR_ALL_LIMIT
                        0x1fff'a800         Data  Gb  <internal module>
_OS_SystemApplication_OsCore0_VAR_ALL_START
                        0x1fff'a800         Data  Gb  <internal module>
_Startup_Code_LIMIT           0x628         Data  Gb  <internal module>
_Startup_Code_START           0x628         Data  Gb  <internal module>
_Startup_Stack_LIMIT    0x1fff'b000         Data  Gb  <internal module>
_Startup_Stack_START    0x1fff'a800         Data  Gb  <internal module>
_Startup_Stack_VAR_ALL_LIMIT
                        0x1fff'b000         Data  Gb  <internal module>
_Startup_Stack_VAR_ALL_START
                        0x1fff'a800         Data  Gb  <internal module>
__CODE_RAM$$Base                0x0          --   Gb  - Linker created -
__CODE_ROM$$Base                0x0          --   Gb  - Linker created -
__CODE_ROM$$Limit               0x0          --   Gb  - Linker created -
__Code_Default_LIMIT       0x1'35d4         Data  Gb  <internal module>
__Code_Default_START          0x628         Data  Gb  <internal module>
__Const_Default_LIMIT      0x2'a0d8         Data  Gb  <internal module>
__Const_Default_START      0x2'9094         Data  Gb  <internal module>
__Data_Default_INIT_LIMIT
                        0x1fff'bbcc         Data  Gb  <internal module>
__Data_Default_INIT_START
                        0x1fff'bbcc         Data  Gb  <internal module>
__Data_Default_LIMIT    0x1fff'bbcc         Data  Gb  <internal module>
__Data_Default_START    0x1fff'b6fc         Data  Gb  <internal module>
__Heap_Default_LIMIT    0x1fff'bbcc         Data  Gb  <internal module>
__Heap_Default_START    0x1fff'bbcc         Data  Gb  <internal module>
__OS_CODE_LIMIT            0x2'8784         Data  Gb  <internal module>
__OS_CODE_START            0x1'35d4         Data  Gb  <internal module>
__OS_CONST_LIMIT           0x2'9094         Data  Gb  <internal module>
__OS_CONST_START           0x2'8784         Data  Gb  <internal module>
__OS_DATA_CORE0_NOINIT_LIMIT
                        0x1fff'b6d9         Data  Gb  <internal module>
__OS_DATA_CORE0_NOINIT_START
                        0x1fff'b000         Data  Gb  <internal module>
__OS_DATA_SHARED_INIT_LIMIT
                        0x1fff'b6fc         Data  Gb  <internal module>
__OS_DATA_SHARED_INIT_START
                        0x1fff'b6fc         Data  Gb  <internal module>
__OS_DATA_SHARED_NOINIT_LIMIT
                        0x1fff'b6fc         Data  Gb  <internal module>
__OS_DATA_SHARED_NOINIT_START
                        0x1fff'b6dc         Data  Gb  <internal module>
__OS_DATA_SHARED_ZERO_INIT_LIMIT
                        0x1fff'b6fc         Data  Gb  <internal module>
__OS_DATA_SHARED_ZERO_INIT_START
                        0x1fff'b6fc         Data  Gb  <internal module>
__OS_EXCVEC_CORE0_CODE_LIMIT
                              0x500         Data  Gb  <internal module>
__OS_EXCVEC_CORE0_CODE_START
                              0x500         Data  Gb  <internal module>
__OS_EXCVEC_CORE0_CONST_LIMIT
                                0x0         Data  Gb  <internal module>
__OS_EXCVEC_CORE0_CONST_START
                                0x0         Data  Gb  <internal module>
__OS_INTVEC_CODE_LIMIT        0x500         Data  Gb  <internal module>
__OS_INTVEC_CODE_START        0x500         Data  Gb  <internal module>
__OS_INTVEC_CORE0_CODE_LIMIT
                              0x628         Data  Gb  <internal module>
__OS_INTVEC_CORE0_CODE_START
                              0x500         Data  Gb  <internal module>
__OS_INTVEC_CORE0_CONST_LIMIT
                              0x3c0         Data  Gb  <internal module>
__OS_INTVEC_CORE0_CONST_START
                                0x0         Data  Gb  <internal module>
__OS_STACKS_CORE0_NOINIT_LIMIT
                        0x1fff'a800         Data  Gb  <internal module>
__OS_STACKS_CORE0_NOINIT_START
                        0x1fff'8000         Data  Gb  <internal module>
__OS_SystemApplication_OsCore0_NOINIT_LIMIT
                        0x1fff'a800         Data  Gb  <internal module>
__OS_SystemApplication_OsCore0_NOINIT_START
                        0x1fff'a800         Data  Gb  <internal module>
__RAM_VECTOR_TABLE_SIZE {Abs}
                              0x400         Data  Gb  <internal module>
__Startup_Code_LIMIT          0x628         Data  Gb  <internal module>
__Startup_Code_START          0x628         Data  Gb  <internal module>
__Startup_Stack_LIMIT   0x1fff'b000         Data  Gb  <internal module>
__Startup_Stack_START   0x1fff'a800         Data  Gb  <internal module>
__VECTOR_RAM {Abs}      0x1fff'8000         Data  Gb  <internal module>
__VECTOR_TABLE {Abs}            0x0         Data  Gb  <internal module>
__Vectors                  0x2'9cd8          --   Gb  startup_S32K148.o [20]
__Vectors_End              0x2'a0d8         Data  Gb  startup_S32K148.o [20]
__Vectors_Size {Abs}          0x400          --   Gb  startup_S32K148.o [20]
__aeabi_memcpy             0x1'25b5         Code  Gb  ABImemcpy.o [27]
__aeabi_memcpy4            0x1'25d5         Code  Gb  ABImemcpy.o [27]
__aeabi_memcpy8            0x1'25d5         Code  Gb  ABImemcpy.o [27]
__cmain                    0x1'3531         Code  Gb  cmain.o [27]
__exit                     0x1'3565   0x14  Code  Gb  exit.o [28]
__iar_init_vfp             0x1'350d         Code  Gb  fpinit_M.o [26]
__iar_program_start        0x1'34f1         Code  Gb  cstartup_M.o [27]
__low_level_init           0x1'354f    0x4  Code  Gb  low_level_init.o [25]
__vector_table             0x2'9cd8         Data  Gb  startup_S32K148.o [20]
__vector_table_0x1c        0x2'9cf4         Data  Gb  startup_S32K148.o [20]
_call_main                 0x1'353d         Code  Gb  cmain.o [27]
_exit                      0x1'3559         Code  Gb  cexit.o [27]
a                       0x1fff'b800    0x4  Data  Gb  CddSbc.o [4]
canConfigInitFlag       0x1fff'bba7    0x1  Data  Lc  Can.o [6]
canRxTaskActive         0x1fff'bba6    0x1  Data  Lc  Can.o [6]
detModuleInit           0x1fff'bbbf    0x1  Data  Lc  Det.o [14]
exit                       0x1'3553    0x4  Code  Gb  exit.o [25]
init_data_bss              0x1'33b9   0xb4  Code  Gb  startup.o [20]
main                          0x64d   0x12  Code  Gb  BrsAsrMain.o [1]
result                  0x1fff'bbab    0x1  Data  Lc  CddSbc.o [4]


[1] = D:\WebDown\S32K144\S32K144 …\S32K144 AUTOSAR工具包\share_20230823\AUTOSAR_TOOLs\S32K144_SIP\MICROSAR\CBD1800257_D01_S32K1xx\Applications\S32K144_Start_new_IAR\Debug\Obj\Appl
[2] = D:\WebDown\S32K144\S32K144 …\S32K144 AUTOSAR工具包\share_20230823\AUTOSAR_TOOLs\S32K144_SIP\MICROSAR\CBD1800257_D01_S32K1xx\Applications\S32K144_Start_new_IAR\Debug\Obj\Appl\GenData
[3] = D:\WebDown\S32K144\S32K144 …\S32K144 AUTOSAR工具包\share_20230823\AUTOSAR_TOOLs\S32K144_SIP\MICROSAR\CBD1800257_D01_S32K1xx\Applications\S32K144_Start_new_IAR\Debug\Obj\Appl\GenData\src
[4] = D:\WebDown\S32K144\S32K144 …\S32K144 AUTOSAR工具包\share_20230823\AUTOSAR_TOOLs\S32K144_SIP\MICROSAR\CBD1800257_D01_S32K1xx\Applications\S32K144_Start_new_IAR\Debug\Obj\Appl\Source
[5] = D:\WebDown\S32K144\S32K144 …\S32K144 AUTOSAR工具包\share_20230823\AUTOSAR_TOOLs\S32K144_SIP\MICROSAR\CBD1800257_D01_S32K1xx\Applications\S32K144_Start_new_IAR\Debug\Obj\BSW\BswM
[6] = D:\WebDown\S32K144\S32K144 …\S32K144 AUTOSAR工具包\share_20230823\AUTOSAR_TOOLs\S32K144_SIP\MICROSAR\CBD1800257_D01_S32K1xx\Applications\S32K144_Start_new_IAR\Debug\Obj\BSW\Can
[7] = D:\WebDown\S32K144\S32K144 …\S32K144 AUTOSAR工具包\share_20230823\AUTOSAR_TOOLs\S32K144_SIP\MICROSAR\CBD1800257_D01_S32K1xx\Applications\S32K144_Start_new_IAR\Debug\Obj\BSW\CanIf
[8] = D:\WebDown\S32K144\S32K144 …\S32K144 AUTOSAR工具包\share_20230823\AUTOSAR_TOOLs\S32K144_SIP\MICROSAR\CBD1800257_D01_S32K1xx\Applications\S32K144_Start_new_IAR\Debug\Obj\BSW\CanSM
[9] = D:\WebDown\S32K144\S32K144 …\S32K144 AUTOSAR工具包\share_20230823\AUTOSAR_TOOLs\S32K144_SIP\MICROSAR\CBD1800257_D01_S32K1xx\Applications\S32K144_Start_new_IAR\Debug\Obj\BSW\CanTP
[10] = D:\WebDown\S32K144\S32K144 …\S32K144 AUTOSAR工具包\share_20230823\AUTOSAR_TOOLs\S32K144_SIP\MICROSAR\CBD1800257_D01_S32K1xx\Applications\S32K144_Start_new_IAR\Debug\Obj\BSW\Com
[11] = D:\WebDown\S32K144\S32K144 …\S32K144 AUTOSAR工具包\share_20230823\AUTOSAR_TOOLs\S32K144_SIP\MICROSAR\CBD1800257_D01_S32K1xx\Applications\S32K144_Start_new_IAR\Debug\Obj\BSW\ComM
[12] = D:\WebDown\S32K144\S32K144 …\S32K144 AUTOSAR工具包\share_20230823\AUTOSAR_TOOLs\S32K144_SIP\MICROSAR\CBD1800257_D01_S32K1xx\Applications\S32K144_Start_new_IAR\Debug\Obj\BSW\Dcm
[13] = D:\WebDown\S32K144\S32K144 …\S32K144 AUTOSAR工具包\share_20230823\AUTOSAR_TOOLs\S32K144_SIP\MICROSAR\CBD1800257_D01_S32K1xx\Applications\S32K144_Start_new_IAR\Debug\Obj\BSW\Dem
[14] = D:\WebDown\S32K144\S32K144 …\S32K144 AUTOSAR工具包\share_20230823\AUTOSAR_TOOLs\S32K144_SIP\MICROSAR\CBD1800257_D01_S32K1xx\Applications\S32K144_Start_new_IAR\Debug\Obj\BSW\Det
[15] = D:\WebDown\S32K144\S32K144 …\S32K144 AUTOSAR工具包\share_20230823\AUTOSAR_TOOLs\S32K144_SIP\MICROSAR\CBD1800257_D01_S32K1xx\Applications\S32K144_Start_new_IAR\Debug\Obj\BSW\EcuM
[16] = D:\WebDown\S32K144\S32K144 …\S32K144 AUTOSAR工具包\share_20230823\AUTOSAR_TOOLs\S32K144_SIP\MICROSAR\CBD1800257_D01_S32K1xx\Applications\S32K144_Start_new_IAR\Debug\Obj\BSW\Nm
[17] = D:\WebDown\S32K144\S32K144 …\S32K144 AUTOSAR工具包\share_20230823\AUTOSAR_TOOLs\S32K144_SIP\MICROSAR\CBD1800257_D01_S32K1xx\Applications\S32K144_Start_new_IAR\Debug\Obj\BSW\Os
[18] = D:\WebDown\S32K144\S32K144 …\S32K144 AUTOSAR工具包\share_20230823\AUTOSAR_TOOLs\S32K144_SIP\MICROSAR\CBD1800257_D01_S32K1xx\Applications\S32K144_Start_new_IAR\Debug\Obj\BSW\PduR
[19] = D:\WebDown\S32K144\S32K144 …\S32K144 AUTOSAR工具包\share_20230823\AUTOSAR_TOOLs\S32K144_SIP\MICROSAR\CBD1800257_D01_S32K1xx\Applications\S32K144_Start_new_IAR\Debug\Obj\BSW\VstdLib
[20] = D:\WebDown\S32K144\S32K144 …\S32K144 AUTOSAR工具包\share_20230823\AUTOSAR_TOOLs\S32K144_SIP\MICROSAR\CBD1800257_D01_S32K1xx\Applications\S32K144_Start_new_IAR\Debug\Obj\Device
[21] = D:\WebDown\S32K144\S32K144 …\S32K144 AUTOSAR工具包\share_20230823\AUTOSAR_TOOLs\S32K144_SIP\MICROSAR\CBD1800257_D01_S32K1xx\Applications\S32K144_Start_new_IAR\Debug\Obj\MCAL\DIO
[22] = D:\WebDown\S32K144\S32K144 …\S32K144 AUTOSAR工具包\share_20230823\AUTOSAR_TOOLs\S32K144_SIP\MICROSAR\CBD1800257_D01_S32K1xx\Applications\S32K144_Start_new_IAR\Debug\Obj\MCAL\MCU
[23] = D:\WebDown\S32K144\S32K144 …\S32K144 AUTOSAR工具包\share_20230823\AUTOSAR_TOOLs\S32K144_SIP\MICROSAR\CBD1800257_D01_S32K1xx\Applications\S32K144_Start_new_IAR\Debug\Obj\MCAL\PORT
[24] = D:\WebDown\S32K144\S32K144 …\S32K144 AUTOSAR工具包\share_20230823\AUTOSAR_TOOLs\S32K144_SIP\MICROSAR\CBD1800257_D01_S32K1xx\Applications\S32K144_Start_new_IAR\Debug\Obj\MCAL\SPI
[25] = dl7M_tln.a
[26] = m7M_tls.a
[27] = rt7M_tl.a
[28] = shb_l.a

  165'520 bytes of readonly  code memory
    6'398 bytes of readonly  data memory
   15'293 bytes of readwrite data memory

Errors: none
Warnings: none
